Archive member included to satisfy reference by file (symbol)

c:/chibistudio/tools/gnu tools arm embedded/11.3 2022.08/bin/../lib/gcc/arm-none-eabi/11.3.1/thumb/v7e-m/nofp\libg.a(libc_a-ctype_.o)
                              ./build/obj/chscanf.o (symbol from plugin) (_ctype_)
c:/chibistudio/tools/gnu tools arm embedded/11.3 2022.08/bin/../lib/gcc/arm-none-eabi/11.3.1/thumb/v7e-m/nofp\libg.a(libc_a-memset.o)
                              C:\Users\arnau\AppData\Local\Temp\ccdj59qz.ltrans0.ltrans.o (memset)
c:/chibistudio/tools/gnu tools arm embedded/11.3 2022.08/bin/../lib/gcc/arm-none-eabi/11.3.1/thumb/v7e-m/nofp\libg.a(libc_a-memcpy.o)
                              C:\Users\arnau\AppData\Local\Temp\ccdj59qz.ltrans0.ltrans.o (memcpy)

Discarded input sections

 .data          0x00000000        0x0 ./build/obj/crt0_v7m.o
 .bss           0x00000000        0x0 ./build/obj/crt0_v7m.o
 .data          0x00000000        0x0 ./build/obj/vectors.o
 .bss           0x00000000        0x0 ./build/obj/vectors.o
 .data          0x00000000        0x0 ./build/obj/chcoreasm.o
 .bss           0x00000000        0x0 ./build/obj/chcoreasm.o
 .text          0x00000000        0x0 C:\Users\arnau\AppData\Local\Temp\ccdj59qz.ltrans0.ltrans.o
 .data          0x00000000        0x0 C:\Users\arnau\AppData\Local\Temp\ccdj59qz.ltrans0.ltrans.o
 .bss           0x00000000        0x0 C:\Users\arnau\AppData\Local\Temp\ccdj59qz.ltrans0.ltrans.o
 .comment       0x00000000       0x34 C:\Users\arnau\AppData\Local\Temp\cc7YGoiG.debug.temp.o
 .comment       0x00000000       0x34 C:\Users\arnau\AppData\Local\Temp\ccYXF1Lm.debug.temp.o
 .comment       0x00000000       0x34 C:\Users\arnau\AppData\Local\Temp\ccNP3Sr3.debug.temp.o
 .debug_info    0x00000000      0xc69 C:\Users\arnau\AppData\Local\Temp\cc2MVRYJ.debug.temp.o
 .debug_abbrev  0x00000000      0x1f3 C:\Users\arnau\AppData\Local\Temp\cc2MVRYJ.debug.temp.o
 .debug_line    0x00000000       0xaf C:\Users\arnau\AppData\Local\Temp\cc2MVRYJ.debug.temp.o
 .debug_str     0x00000000      0x7ac C:\Users\arnau\AppData\Local\Temp\cc2MVRYJ.debug.temp.o
 .debug_line_str
                0x00000000      0x30c C:\Users\arnau\AppData\Local\Temp\cc2MVRYJ.debug.temp.o
 .comment       0x00000000       0x34 C:\Users\arnau\AppData\Local\Temp\cc2MVRYJ.debug.temp.o
 .debug_info    0x00000000      0x95a C:\Users\arnau\AppData\Local\Temp\cclGkXxu.debug.temp.o
 .debug_abbrev  0x00000000      0x209 C:\Users\arnau\AppData\Local\Temp\cclGkXxu.debug.temp.o
 .debug_line    0x00000000       0xa4 C:\Users\arnau\AppData\Local\Temp\cclGkXxu.debug.temp.o
 .debug_str     0x00000000      0x5b7 C:\Users\arnau\AppData\Local\Temp\cclGkXxu.debug.temp.o
 .debug_line_str
                0x00000000      0x331 C:\Users\arnau\AppData\Local\Temp\cclGkXxu.debug.temp.o
 .comment       0x00000000       0x34 C:\Users\arnau\AppData\Local\Temp\cclGkXxu.debug.temp.o
 .comment       0x00000000       0x34 C:\Users\arnau\AppData\Local\Temp\ccMdK7Xe.debug.temp.o
 .debug_info    0x00000000      0x5a5 C:\Users\arnau\AppData\Local\Temp\ccbSFePZ.debug.temp.o
 .debug_abbrev  0x00000000      0x15f C:\Users\arnau\AppData\Local\Temp\ccbSFePZ.debug.temp.o
 .debug_line    0x00000000       0x75 C:\Users\arnau\AppData\Local\Temp\ccbSFePZ.debug.temp.o
 .debug_str     0x00000000      0x518 C:\Users\arnau\AppData\Local\Temp\ccbSFePZ.debug.temp.o
 .debug_line_str
                0x00000000      0x231 C:\Users\arnau\AppData\Local\Temp\ccbSFePZ.debug.temp.o
 .comment       0x00000000       0x34 C:\Users\arnau\AppData\Local\Temp\ccbSFePZ.debug.temp.o
 .debug_info    0x00000000       0x7a C:\Users\arnau\AppData\Local\Temp\ccajNVHJ.debug.temp.o
 .debug_abbrev  0x00000000       0x26 C:\Users\arnau\AppData\Local\Temp\ccajNVHJ.debug.temp.o
 .debug_line    0x00000000       0x31 C:\Users\arnau\AppData\Local\Temp\ccajNVHJ.debug.temp.o
 .debug_str     0x00000000      0x1a4 C:\Users\arnau\AppData\Local\Temp\ccajNVHJ.debug.temp.o
 .debug_line_str
                0x00000000       0x4e C:\Users\arnau\AppData\Local\Temp\ccajNVHJ.debug.temp.o
 .comment       0x00000000       0x34 C:\Users\arnau\AppData\Local\Temp\ccajNVHJ.debug.temp.o
 .debug_info    0x00000000      0x607 C:\Users\arnau\AppData\Local\Temp\ccz3ZVxt.debug.temp.o
 .debug_abbrev  0x00000000      0x1e2 C:\Users\arnau\AppData\Local\Temp\ccz3ZVxt.debug.temp.o
 .debug_line    0x00000000       0xa9 C:\Users\arnau\AppData\Local\Temp\ccz3ZVxt.debug.temp.o
 .debug_str     0x00000000      0x45d C:\Users\arnau\AppData\Local\Temp\ccz3ZVxt.debug.temp.o
 .debug_line_str
                0x00000000      0x309 C:\Users\arnau\AppData\Local\Temp\ccz3ZVxt.debug.temp.o
 .comment       0x00000000       0x34 C:\Users\arnau\AppData\Local\Temp\ccz3ZVxt.debug.temp.o
 .comment       0x00000000       0x34 C:\Users\arnau\AppData\Local\Temp\cc8KaxCd.debug.temp.o
 .comment       0x00000000       0x34 C:\Users\arnau\AppData\Local\Temp\ccXewNMW.debug.temp.o
[...]
Memory Configuration

Name             Origin             Length             Attributes
flash0           0x08000000         0x00080000         xr
flash1           0x00000000         0x00000000         xr
flash2           0x00000000         0x00000000         xr
flash3           0x00000000         0x00000000         xr
flash4           0x00000000         0x00000000         xr
flash5           0x00000000         0x00000000         xr
flash6           0x00000000         0x00000000         xr
flash7           0x00000000         0x00000000         xr
ram0             0x20000000         0x00020000         xw
ram1             0x20000000         0x00018000         xw
ram2             0x20000000         0x00014000         xw
ram3             0x20014000         0x00004000         xw
ram4             0x20018000         0x00008000         xw
ram5             0x10000000         0x00008000         xw
ram6             0x00000000         0x00000000         xw
ram7             0x00000000         0x00000000         xw
*default*        0x00000000         0xffffffff

Linker script and memory map

LOAD ./build/obj/crt0_v7m.o
LOAD ./build/obj/vectors.o
LOAD ./build/obj/chcoreasm.o
LOAD ./build/obj/crt1.o
LOAD C:\Users\arnau\AppData\Local\Temp\ccdj59qz.ltrans0.ltrans.o
LOAD C:\Users\arnau\AppData\Local\Temp\cc7YGoiG.debug.temp.o
LOAD C:\Users\arnau\AppData\Local\Temp\ccYXF1Lm.debug.temp.o
LOAD C:\Users\arnau\AppData\Local\Temp\ccNP3Sr3.debug.temp.o
LOAD C:\Users\arnau\AppData\Local\Temp\cc2MVRYJ.debug.temp.o
LOAD C:\Users\arnau\AppData\Local\Temp\cclGkXxu.debug.temp.o
LOAD C:\Users\arnau\AppData\Local\Temp\ccMdK7Xe.debug.temp.o
LOAD C:\Users\arnau\AppData\Local\Temp\ccbSFePZ.debug.temp.o
LOAD C:\Users\arnau\AppData\Local\Temp\ccajNVHJ.debug.temp.o
LOAD C:\Users\arnau\AppData\Local\Temp\ccz3ZVxt.debug.temp.o
LOAD C:\Users\arnau\AppData\Local\Temp\cc8KaxCd.debug.temp.o
LOAD C:\Users\arnau\AppData\Local\Temp\ccXewNMW.debug.temp.o
LOAD C:\Users\arnau\AppData\Local\Temp\cce74toG.debug.temp.o
LOAD C:\Users\arnau\AppData\Local\Temp\ccZIvYVp.debug.temp.o
LOAD C:\Users\arnau\AppData\Local\Temp\ccecEXw8.debug.temp.o
LOAD C:\Users\arnau\AppData\Local\Temp\cc3NV3DR.debug.temp.o
LOAD C:\Users\arnau\AppData\Local\Temp\ccqfPotE.debug.temp.o
LOAD C:\Users\arnau\AppData\Local\Temp\ccD5ztsr.debug.temp.o
LOAD C:\Users\arnau\AppData\Local\Temp\cc4c4SBd.debug.temp.o
LOAD C:\Users\arnau\AppData\Local\Temp\cc5QLbc0.debug.temp.o
LOAD C:\Users\arnau\AppData\Local\Temp\ccu9JTGL.debug.temp.o
LOAD C:\Users\arnau\AppData\Local\Temp\ccJgfYFx.debug.temp.o
LOAD C:\Users\arnau\AppData\Local\Temp\ccoteawj.debug.temp.o
LOAD C:\Users\arnau\AppData\Local\Temp\ccXcybq4.debug.temp.o
LOAD C:\Users\arnau\AppData\Local\Temp\ccSHgeDP.debug.temp.o
LOAD C:\Users\arnau\AppData\Local\Temp\cc11lnPE.debug.temp.o
LOAD C:\Users\arnau\AppData\Local\Temp\cc2pXUQt.debug.temp.o
LOAD C:\Users\arnau\AppData\Local\Temp\cc1YaXjj.debug.temp.o
LOAD C:\Users\arnau\AppData\Local\Temp\ccmXRwS7.debug.temp.o
LOAD C:\Users\arnau\AppData\Local\Temp\ccrhIBkW.debug.temp.o
LOAD C:\Users\arnau\AppData\Local\Temp\cccXCmjL.debug.temp.o
LOAD C:\Users\arnau\AppData\Local\Temp\ccrOzf9z.debug.temp.o
LOAD C:\Users\arnau\AppData\Local\Temp\cccuaEvo.debug.temp.o
LOAD C:\Users\arnau\AppData\Local\Temp\ccVMDSVb.debug.temp.o
LOAD C:\Users\arnau\AppData\Local\Temp\ccmyYIcZ.debug.temp.o
LOAD C:\Users\arnau\AppData\Local\Temp\cc1I8YXM.debug.temp.o
LOAD C:\Users\arnau\AppData\Local\Temp\ccQgOwsE.debug.temp.o
LOAD C:\Users\arnau\AppData\Local\Temp\ccp4vN6v.debug.temp.o
LOAD C:\Users\arnau\AppData\Local\Temp\ccyMDN4m.debug.temp.o
LOAD C:\Users\arnau\AppData\Local\Temp\ccdl2cge.debug.temp.o
LOAD C:\Users\arnau\AppData\Local\Temp\ccWHhTk5.debug.temp.o
LOAD C:\Users\arnau\AppData\Local\Temp\ccJUm1KV.debug.temp.o
LOAD C:\Users\arnau\AppData\Local\Temp\ccsXznnM.debug.temp.o
LOAD C:\Users\arnau\AppData\Local\Temp\ccLkESQC.debug.temp.o
LOAD C:\Users\arnau\AppData\Local\Temp\cc6uhPFs.debug.temp.o
LOAD C:\Users\arnau\AppData\Local\Temp\ccRKoTli.debug.temp.o
LOAD C:\Users\arnau\AppData\Local\Temp\ccUvRkf8.debug.temp.o
LOAD C:\Users\arnau\AppData\Local\Temp\ccTgDx41.debug.temp.o
LOAD C:\Users\arnau\AppData\Local\Temp\ccoKr0OV.debug.temp.o
LOAD C:\Users\arnau\AppData\Local\Temp\cc7KfWNP.debug.temp.o
LOAD C:\Users\arnau\AppData\Local\Temp\ccmwP25I.debug.temp.o
LOAD C:\Users\arnau\AppData\Local\Temp\ccpXbkfC.debug.temp.o
LOAD C:\Users\arnau\AppData\Local\Temp\ccabINLv.debug.temp.o
LOAD C:\Users\arnau\AppData\Local\Temp\ccpwkYno.debug.temp.o
LOAD C:\Users\arnau\AppData\Local\Temp\ccsb07hh.debug.temp.o
LOAD C:\Users\arnau\AppData\Local\Temp\ccT67ag9.debug.temp.o
LOAD C:\Users\arnau\AppData\Local\Temp\ccWBK7E1.debug.temp.o
LOAD C:\Users\arnau\AppData\Local\Temp\ccTLZ8XT.debug.temp.o
LOAD C:\Users\arnau\AppData\Local\Temp\ccEhfx0P.debug.temp.o
LOAD ./build/obj/hal.o
LOAD ./build/obj/hal_st.o
LOAD ./build/obj/hal_buffered_serial.o
LOAD ./build/obj/hal_buffers.o
LOAD ./build/obj/hal_queues.o
LOAD ./build/obj/hal_flash.o
LOAD ./build/obj/hal_mmcsd.o
LOAD ./build/obj/hal_pal.o
LOAD ./build/obj/hal_pwm.o
LOAD ./build/obj/hal_serial.o
LOAD ./build/obj/hal_sio.o
LOAD ./build/obj/nvic.o
LOAD ./build/obj/stm32_isr.o
LOAD ./build/obj/hal_lld.o
LOAD ./build/obj/hal_efl_lld.o
LOAD ./build/obj/stm32_dma.o
LOAD ./build/obj/stm32_exti.o
LOAD ./build/obj/hal_pal_lld.o
LOAD ./build/obj/hal_st_lld.o
LOAD ./build/obj/hal_pwm_lld.o
LOAD ./build/obj/hal_serial_lld.o
LOAD ./build/obj/hal_sio_lld.o
LOAD ./build/obj/board.o
LOAD ./build/obj/osal.o
LOAD ./build/obj/chsys.o
LOAD ./build/obj/chrfcu.o
LOAD ./build/obj/chdebug.o
LOAD ./build/obj/chtrace.o
LOAD ./build/obj/chvt.o
LOAD ./build/obj/chschd.o
LOAD ./build/obj/chinstances.o
LOAD ./build/obj/chthreads.o
LOAD ./build/obj/chtm.o
LOAD ./build/obj/chregistry.o
LOAD ./build/obj/chsem.o
LOAD ./build/obj/chmtx.o
LOAD ./build/obj/chcond.o
LOAD ./build/obj/chevents.o
LOAD ./build/obj/chmsg.o
LOAD ./build/obj/chdynamic.o
LOAD ./build/obj/chmboxes.o
LOAD ./build/obj/chmemcore.o
LOAD ./build/obj/chmemheaps.o
LOAD ./build/obj/chmempools.o
LOAD ./build/obj/chpipes.o
LOAD ./build/obj/chobjcaches.o
LOAD ./build/obj/chdelegates.o
LOAD ./build/obj/chfactory.o
LOAD ./build/obj/chcore.o
LOAD ./build/obj/chcoreapi.o
LOAD ./build/obj/chprintf.o
LOAD ./build/obj/chscanf.o
LOAD ./build/obj/memstreams.o
LOAD ./build/obj/nullstreams.o
LOAD ./build/obj/bufstreams.o
LOAD ./build/obj/hc05.o
LOAD ./build/obj/main.o

.mstack         0x20000000      0x400
                0x20000000                . = ALIGN (0x8)
                0x20000000                __main_stack_base__ = .
                0x20000400                . = (. + __main_stack_size__)
 *fill*         0x20000000      0x400 
                0x20000400                . = ALIGN (0x8)
                0x20000400                __main_stack_end__ = .

.pstack         0x20000400      0x400
                0x20000400                . = ALIGN (0x8)
                0x20000400                __process_stack_base__ = .
                0x20000400                __main_thread_stack_base__ = .
                0x20000800                . = (. + __process_stack_size__)
 *fill*         0x20000400      0x400 
                0x20000800                . = ALIGN (0x8)
                0x20000800                __process_stack_end__ = .
                0x20000800                __main_thread_stack_end__ = .

.vectors        0x08000000      0x1e0
                0x08000000                __textvectors_base__ = LOADADDR (.vectors)
                0x08000000                __vectors_base__ = .
 *(.vectors)
 .vectors       0x08000000      0x1e0 ./build/obj/vectors.o
                0x08000000                _vectors
                0x080001e0                __vectors_end__ = .

.xtors          0x080001e0        0x0
                0x080001e0                __init_array_base__ = .
 *(SORT_BY_NAME(.init_array.*))
 *(.init_array)
                0x080001e0                __init_array_end__ = .
                0x080001e0                __fini_array_base__ = .
 *(.fini_array)
 *(SORT_BY_NAME(.fini_array.*))
                0x080001e0                __fini_array_end__ = .

.text           0x080001e0     0x3174
                0x080001e0                __text_base__ = .
 *(.text)
 .text          0x080001e0       0xd8 ./build/obj/crt0_v7m.o
                0x080001e0                _crt0_entry
 .text          0x080002b8        0x8 ./build/obj/vectors.o
                0x080002b8                Reset_Handler
                0x080002ba                VectorAC
                0x080002ba                DebugMon_Handler
                0x080002ba                Vector1A0
                0x080002ba                Vector11C
                0x080002ba                HardFault_Handler
                0x080002ba                Vector1B8
                0x080002ba                Vector19C
                0x080002ba                Vector8C
                0x080002ba                SysTick_Handler
                0x080002ba                VectorDC
                0x080002ba                Vector168
                0x080002ba                NMI_Handler
                0x080002ba                Vector110
                0x080002ba                Vector120
                0x080002ba                Vector1D8
                0x080002ba                VectorC8
                0x080002ba                Vector94
                0x080002ba                VectorA8
                0x080002ba                Vector74
                0x080002ba                Vector160
                0x080002ba                Vector1B0
                0x080002ba                UsageFault_Handler
                0x080002ba                VectorEC
                0x080002ba                Vector40
                0x080002ba                VectorF8
                0x080002ba                Vector108
                0x080002ba                VectorBC
                0x080002ba                Vector190
                0x080002ba                Vector150
                0x080002ba                Vector124
                0x080002ba                Vector1C4
                0x080002ba                Vector1CC
                0x080002ba                Vector148
                0x080002ba                Vector188
                0x080002ba                Vector198
                0x080002ba                Vector118
                0x080002ba                VectorE8
                0x080002ba                VectorCC
                0x080002ba                Vector54
                0x080002ba                Vector98
                0x080002ba                Vector138
                0x080002ba                Vector24
                0x080002ba                Vector178
                0x080002ba                Vector84
                0x080002ba                SecureFault_Handler
                0x080002ba                Vector1A4
                0x080002ba                VectorD0
                0x080002ba                Vector1B4
                0x080002ba                Vector140
                0x080002ba                VectorE4
                0x080002ba                VectorC0
                0x080002ba                Vector158
                0x080002ba                Vector130
                0x080002ba                Vector1C0
                0x080002ba                Vector134
                0x080002ba                Vector1D0
                0x080002ba                VectorF0
                0x080002ba                Vector12C
                0x080002ba                Vector13C
                0x080002ba                Vector100
                0x080002ba                VectorF4
                0x080002ba                MemManage_Handler
                0x080002ba                Vector6C
                0x080002ba                VectorA0
                0x080002ba                VectorC4
                0x080002ba                Vector7C
                0x080002ba                Vector180
                0x080002ba                Vector90
                0x080002ba                Vector114
                0x080002ba                Vector164
                0x080002ba                Vector1BC
                0x080002ba                Vector1D4
                0x080002ba                Vector17C
                0x080002ba                Vector48
                0x080002ba                Vector1A8
                0x080002ba                Vector16C
                0x080002ba                Vector70
                0x080002ba                Vector4C
                0x080002ba                Vector144
                0x080002ba                Vector80
                0x080002ba                Vector15C
                0x080002ba                Vector78
                0x080002ba                Vector18C
                0x080002ba                Vector170
                0x080002ba                Vector88
                0x080002ba                Vector104
                0x080002ba                Vector184
                0x080002ba                Vector10C
                0x080002ba                Vector14C
                0x080002ba                BusFault_Handler
                0x080002ba                Vector50
                0x080002ba                Vector1C8
                0x080002ba                Vector194
                0x080002ba                Vector1DC
                0x080002ba                Vector154
                0x080002ba                Vector44
                0x080002ba                Vector28
                0x080002ba                VectorB8
                0x080002ba                VectorFC
                0x080002ba                Vector34
                0x080002ba                Vector128
                0x080002ba                VectorA4
                0x080002ba                Vector20
                0x080002ba                Vector174
                0x080002be                _unhandled_exception
 .text          0x080002c0       0x5e ./build/obj/chcoreasm.o
                0x080002c0                SVC_Handler
                0x080002de                PendSV_Handler
                0x0800030c                __port_thread_start
 *fill*         0x0800031e        0x2 
 .text          0x08000320      0x134 c:/chibistudio/tools/gnu tools arm embedded/11.3 2022.08/bin/../lib/gcc/arm-none-eabi/11.3.1/thumb/v7e-m/nofp\libg.a(libc_a-memcpy.o)
                0x08000320                memcpy
 *(.text.*)
 *fill*         0x08000454        0xc 
 .text._ctl     0x08000460        0xc C:\Users\arnau\AppData\Local\Temp\ccdj59qz.ltrans0.ltrans.o
 *fill*         0x0800046c        0x4 
 .text.__ctl    0x08000470        0xc C:\Users\arnau\AppData\Local\Temp\ccdj59qz.ltrans0.ltrans.o
 *fill*         0x0800047c        0x4 
 .text._pal_lld_setgroupmode
                0x08000480       0x8c C:\Users\arnau\AppData\Local\Temp\ccdj59qz.ltrans0.ltrans.o
 *fill*         0x0800050c        0x4 
 .text.notify1  0x08000510       0x10 C:\Users\arnau\AppData\Local\Temp\ccdj59qz.ltrans0.ltrans.o
 .text.notify2  0x08000520       0x10 C:\Users\arnau\AppData\Local\Temp\ccdj59qz.ltrans0.ltrans.o
 .text.sio_lld_put
                0x08000530       0x2c C:\Users\arnau\AppData\Local\Temp\ccdj59qz.ltrans0.ltrans.o
 *fill*         0x0800055c        0x4 
 .text.__idle_thread
                0x08000560        0x4 C:\Users\arnau\AppData\Local\Temp\ccdj59qz.ltrans0.ltrans.o
 *fill*         0x08000564        0xc 
 .text.chTMStartMeasurementX
                0x08000570        0xc C:\Users\arnau\AppData\Local\Temp\ccdj59qz.ltrans0.ltrans.o
 *fill*         0x0800057c        0x4 
 .text.chTMStopMeasurementX
                0x08000580       0x44 C:\Users\arnau\AppData\Local\Temp\ccdj59qz.ltrans0.ltrans.o
 *fill*         0x080005c4        0xc 
 .text.chCoreAllocFromTop
                0x080005d0       0x3c C:\Users\arnau\AppData\Local\Temp\ccdj59qz.ltrans0.ltrans.o
 *fill*         0x0800060c        0x4 
 .text.chCoreAllocAlignedI
                0x08000610       0x20 C:\Users\arnau\AppData\Local\Temp\ccdj59qz.ltrans0.ltrans.o
 .text.sd_lld_start.constprop.0
                0x08000630       0x84 C:\Users\arnau\AppData\Local\Temp\ccdj59qz.ltrans0.ltrans.o
 *fill*         0x080006b4        0xc 
 .text.__sch_wakeup
                0x080006c0       0x70 C:\Users\arnau\AppData\Local\Temp\ccdj59qz.ltrans0.ltrans.o
 .text.chEvtBroadcastFlagsI
                0x08000730       0x74 C:\Users\arnau\AppData\Local\Temp\ccdj59qz.ltrans0.ltrans.o
 *fill*         0x080007a4        0xc 
 .text.sd_lld_serve_interrupt
                0x080007b0      0x1dc C:\Users\arnau\AppData\Local\Temp\ccdj59qz.ltrans0.ltrans.o
 *fill*         0x0800098c        0x4 
 .text.chMtxUnlock.constprop.0
                0x08000990       0xb4 C:\Users\arnau\AppData\Local\Temp\ccdj59qz.ltrans0.ltrans.o
 *fill*         0x08000a44        0xc 
 .text.chMtxLockS.constprop.0
                0x08000a50       0xe4 C:\Users\arnau\AppData\Local\Temp\ccdj59qz.ltrans0.ltrans.o
 *fill*         0x08000b34        0xc 
 .text.vt_insert_first.constprop.0
                0x08000b40       0x60 C:\Users\arnau\AppData\Local\Temp\ccdj59qz.ltrans0.ltrans.o
 .text.chSchGoSleepTimeoutS
                0x08000ba0      0x180 C:\Users\arnau\AppData\Local\Temp\ccdj59qz.ltrans0.ltrans.o
 .text.iqGetTimeout
                0x08000d20       0x6c C:\Users\arnau\AppData\Local\Temp\ccdj59qz.ltrans0.ltrans.o
 *fill*         0x08000d8c        0x4 
 .text._get     0x08000d90        0xc C:\Users\arnau\AppData\Local\Temp\ccdj59qz.ltrans0.ltrans.o
 *fill*         0x08000d9c        0x4 
 .text._gett    0x08000da0        0x8 C:\Users\arnau\AppData\Local\Temp\ccdj59qz.ltrans0.ltrans.o
 *fill*         0x08000da8        0x8 
 .text.oqPutTimeout
                0x08000db0       0x78 C:\Users\arnau\AppData\Local\Temp\ccdj59qz.ltrans0.ltrans.o
 *fill*         0x08000e28        0x8 
 .text._put     0x08000e30        0xc C:\Users\arnau\AppData\Local\Temp\ccdj59qz.ltrans0.ltrans.o
 *fill*         0x08000e3c        0x4 
 .text._putt    0x08000e40        0x8 C:\Users\arnau\AppData\Local\Temp\ccdj59qz.ltrans0.ltrans.o
 *fill*         0x08000e48        0x8 
 .text.__putt   0x08000e50       0x5c C:\Users\arnau\AppData\Local\Temp\ccdj59qz.ltrans0.ltrans.o
 *fill*         0x08000eac        0x4 
 .text.sync_write
                0x08000eb0       0xb8 C:\Users\arnau\AppData\Local\Temp\ccdj59qz.ltrans0.ltrans.o
 *fill*         0x08000f68        0x8 
 .text.__write  0x08000f70        0x8 C:\Users\arnau\AppData\Local\Temp\ccdj59qz.ltrans0.ltrans.o
 *fill*         0x08000f78        0x8 
 .text.__writet
                0x08000f80        0x4 C:\Users\arnau\AppData\Local\Temp\ccdj59qz.ltrans0.ltrans.o
 *fill*         0x08000f84        0xc 
 .text.sioSynchronizeRX
                0x08000f90       0x5c C:\Users\arnau\AppData\Local\Temp\ccdj59qz.ltrans0.ltrans.o
 *fill*         0x08000fec        0x4 
 .text.__get    0x08000ff0       0x38 C:\Users\arnau\AppData\Local\Temp\ccdj59qz.ltrans0.ltrans.o
 *fill*         0x08001028        0x8 
 .text.__gett   0x08001030       0x34 C:\Users\arnau\AppData\Local\Temp\ccdj59qz.ltrans0.ltrans.o
 *fill*         0x08001064        0xc 
 .text.sync_read
                0x08001070       0xe8 C:\Users\arnau\AppData\Local\Temp\ccdj59qz.ltrans0.ltrans.o
 *fill*         0x08001158        0x8 
 .text.__read   0x08001160        0x8 C:\Users\arnau\AppData\Local\Temp\ccdj59qz.ltrans0.ltrans.o
 *fill*         0x08001168        0x8 
 .text.__readt  0x08001170        0x4 C:\Users\arnau\AppData\Local\Temp\ccdj59qz.ltrans0.ltrans.o
 *fill*         0x08001174        0xc 
 .text.thdPWM   0x08001180      0x4a0 C:\Users\arnau\AppData\Local\Temp\ccdj59qz.ltrans0.ltrans.o
 .text.chThdCreateStatic.constprop.0.isra.0
                0x08001620       0xd0 C:\Users\arnau\AppData\Local\Temp\ccdj59qz.ltrans0.ltrans.o
 .text.iqReadTimeout
                0x080016f0       0xe0 C:\Users\arnau\AppData\Local\Temp\ccdj59qz.ltrans0.ltrans.o
 .text._read    0x080017d0        0xc C:\Users\arnau\AppData\Local\Temp\ccdj59qz.ltrans0.ltrans.o
 *fill*         0x080017dc        0x4 
 .text._readt   0x080017e0        0x8 C:\Users\arnau\AppData\Local\Temp\ccdj59qz.ltrans0.ltrans.o
 *fill*         0x080017e8        0x8 
 .text.oqWriteTimeout
                0x080017f0       0xd8 C:\Users\arnau\AppData\Local\Temp\ccdj59qz.ltrans0.ltrans.o
 *fill*         0x080018c8        0x8 
 .text._write   0x080018d0        0xc C:\Users\arnau\AppData\Local\Temp\ccdj59qz.ltrans0.ltrans.o
 *fill*         0x080018dc        0x4 
 .text._writet  0x080018e0        0x8 C:\Users\arnau\AppData\Local\Temp\ccdj59qz.ltrans0.ltrans.o
 *fill*         0x080018e8        0x8 
 .text.__put    0x080018f0       0x60 C:\Users\arnau\AppData\Local\Temp\ccdj59qz.ltrans0.ltrans.o
 .text.chprintf
                0x08001950      0x438 C:\Users\arnau\AppData\Local\Temp\ccdj59qz.ltrans0.ltrans.o
 *fill*         0x08001d88        0x8 
 .text.thdSerial
                0x08001d90      0x1cc C:\Users\arnau\AppData\Local\Temp\ccdj59qz.ltrans0.ltrans.o
 *fill*         0x08001f5c        0x4 
 .text.__cpu_init
                0x08001f60        0x4 C:\Users\arnau\AppData\Local\Temp\ccdj59qz.ltrans0.ltrans.o
                0x08001f60                __cpu_init
 *fill*         0x08001f64        0xc 
 .text.__late_init
                0x08001f70        0x4 C:\Users\arnau\AppData\Local\Temp\ccdj59qz.ltrans0.ltrans.o
                0x08001f70                __late_init
 *fill*         0x08001f74        0xc 
 .text.__default_exit
                0x08001f80        0x4 C:\Users\arnau\AppData\Local\Temp\ccdj59qz.ltrans0.ltrans.o
                0x08001f80                __default_exit
 *fill*         0x08001f84        0xc 
 .text.__init_ram_areas
                0x08001f90       0x6c C:\Users\arnau\AppData\Local\Temp\ccdj59qz.ltrans0.ltrans.o
                0x08001f90                __init_ram_areas
 *fill*         0x08001ffc        0x4 
 .text.Vector58
                0x08002000       0x74 C:\Users\arnau\AppData\Local\Temp\ccdj59qz.ltrans0.ltrans.o
                0x08002000                Vector58
 *fill*         0x08002074        0xc 
 .text.Vector5C
                0x08002080       0x70 C:\Users\arnau\AppData\Local\Temp\ccdj59qz.ltrans0.ltrans.o
                0x08002080                Vector5C
 .text.Vector60
                0x080020f0       0x70 C:\Users\arnau\AppData\Local\Temp\ccdj59qz.ltrans0.ltrans.o
                0x080020f0                Vector60
 .text.Vector64
                0x08002160       0x70 C:\Users\arnau\AppData\Local\Temp\ccdj59qz.ltrans0.ltrans.o
                0x08002160                Vector64
 .text.Vector68
                0x080021d0       0x70 C:\Users\arnau\AppData\Local\Temp\ccdj59qz.ltrans0.ltrans.o
                0x080021d0                Vector68
 .text.Vector9C
                0x08002240      0x1d4 C:\Users\arnau\AppData\Local\Temp\ccdj59qz.ltrans0.ltrans.o
                0x08002240                Vector9C
 *fill*         0x08002414        0xc 
 .text.VectorE0
                0x08002420      0x248 C:\Users\arnau\AppData\Local\Temp\ccdj59qz.ltrans0.ltrans.o
                0x08002420                VectorE0
 *fill*         0x08002668        0x8 
 .text.VectorD4
                0x08002670       0x1c C:\Users\arnau\AppData\Local\Temp\ccdj59qz.ltrans0.ltrans.o
                0x08002670                VectorD4
 *fill*         0x0800268c        0x4 
 .text.VectorD8
                0x08002690       0x1c C:\Users\arnau\AppData\Local\Temp\ccdj59qz.ltrans0.ltrans.o
                0x08002690                VectorD8
 *fill*         0x080026ac        0x4 
 .text.Vector1AC
                0x080026b0      0x1c8 C:\Users\arnau\AppData\Local\Temp\ccdj59qz.ltrans0.ltrans.o
                0x080026b0                Vector1AC
 *fill*         0x08002878        0x8 
 .text.VectorB0
                0x08002880      0x138 C:\Users\arnau\AppData\Local\Temp\ccdj59qz.ltrans0.ltrans.o
                0x08002880                VectorB0
 *fill*         0x080029b8        0x8 
 .text.VectorB4
                0x080029c0       0x6c C:\Users\arnau\AppData\Local\Temp\ccdj59qz.ltrans0.ltrans.o
                0x080029c0                VectorB4
 *fill*         0x08002a2c        0x4 
 .text.__early_init
                0x08002a30      0x2e8 C:\Users\arnau\AppData\Local\Temp\ccdj59qz.ltrans0.ltrans.o
                0x08002a30                __early_init
 *fill*         0x08002d18        0x8 
 .text.chThdExit
                0x08002d20       0x84 C:\Users\arnau\AppData\Local\Temp\ccdj59qz.ltrans0.ltrans.o
                0x08002d20                chThdExit
 *fill*         0x08002da4        0xc 
 .text.__port_schedule_next
                0x08002db0       0x54 C:\Users\arnau\AppData\Local\Temp\ccdj59qz.ltrans0.ltrans.o
                0x08002db0                __port_schedule_next
 *fill*         0x08002e04        0xc 
 .text.startup.main
                0x08002e10      0x4a0 C:\Users\arnau\AppData\Local\Temp\ccdj59qz.ltrans0.ltrans.o
                0x08002e10                main
 .text.memset   0x080032b0       0xa4 c:/chibistudio/tools/gnu tools arm embedded/11.3 2022.08/bin/../lib/gcc/arm-none-eabi/11.3.1/thumb/v7e-m/nofp\libg.a(libc_a-memset.o)
                0x080032b0                memset
 *(.glue_7t)
 .glue_7t       0x08003354        0x0 linker stubs
 *(.glue_7)
 .glue_7        0x08003354        0x0 linker stubs
 *(.gcc*)
                0x08003354                __text_end__ = .

.vfp11_veneer   0x08003354        0x0
 .vfp11_veneer  0x08003354        0x0 linker stubs

.v4_bx          0x08003354        0x0
 .v4_bx         0x08003354        0x0 linker stubs

.iplt           0x08003354        0x0
 .iplt          0x08003354        0x0 ./build/obj/crt0_v7m.o

.rodata         0x08003354      0x1a0
                0x08003354                __rodata_base__ = .
 *(.rodata)
 *(.rodata.*)
 .rodata.thdPWM.str1.4
                0x08003354        0x4 C:\Users\arnau\AppData\Local\Temp\ccdj59qz.ltrans0.ltrans.o
 .rodata.chThdCreateStatic.constprop.0.isra.0.str1.4
                0x08003358        0x7 C:\Users\arnau\AppData\Local\Temp\ccdj59qz.ltrans0.ltrans.o
 *fill*         0x0800335f        0x1 
 .rodata.chprintf.str1.4
                0x08003360        0x7 C:\Users\arnau\AppData\Local\Temp\ccdj59qz.ltrans0.ltrans.o
 *fill*         0x08003367        0x1 
 .rodata.thdSerial.str1.4
                0x08003368       0x6e C:\Users\arnau\AppData\Local\Temp\ccdj59qz.ltrans0.ltrans.o
 *fill*         0x080033d6        0x2 
 .rodata.main.str1.4
                0x080033d8        0x5 C:\Users\arnau\AppData\Local\Temp\ccdj59qz.ltrans0.ltrans.o
 *fill*         0x080033dd        0x3 
 .rodata.str1.4
                0x080033e0        0x3 C:\Users\arnau\AppData\Local\Temp\ccdj59qz.ltrans0.ltrans.o
 *fill*         0x080033e3        0x1 
 .rodata.ch_core0_cfg
                0x080033e4       0x14 C:\Users\arnau\AppData\Local\Temp\ccdj59qz.ltrans0.ltrans.o
 .rodata.ch_debug
                0x080033f8       0x2c C:\Users\arnau\AppData\Local\Temp\ccdj59qz.ltrans0.ltrans.o
 .rodata.ram_areas
                0x08003424       0x80 C:\Users\arnau\AppData\Local\Temp\ccdj59qz.ltrans0.ltrans.o
 .rodata.vmt.lto_priv.0
                0x080034a4       0x28 C:\Users\arnau\AppData\Local\Temp\ccdj59qz.ltrans0.ltrans.o
 .rodata.vmt.lto_priv.1
                0x080034cc       0x28 C:\Users\arnau\AppData\Local\Temp\ccdj59qz.ltrans0.ltrans.o
                0x080034f4                . = ALIGN (0x4)
                0x080034f4                __rodata_end__ = .

.rel.dyn        0x080034f4        0x0
 .rel.iplt      0x080034f4        0x0 ./build/obj/crt0_v7m.o

.ARM.extab
 *(.ARM.extab* .gnu.linkonce.armextab.*)

.ARM.exidx      0x080034f4        0x0
                0x080034f4                __exidx_base__ = .
                0x080034f4                __exidx_start = .
 *(.ARM.exidx* .gnu.linkonce.armexidx.*)
                0x080034f4                __exidx_end__ = .
                0x080034f4                __exidx_end = .

.eh_frame_hdr
 *(.eh_frame_hdr)

.eh_frame
 *(.eh_frame)

.data           0x20000800       0x58 load address 0x080034f4
                [!provide]                PROVIDE (_textdata = LOADADDR (.data))
                [!provide]                PROVIDE (_data = .)
                0x080034f4                __textdata_base__ = LOADADDR (.data)
                0x20000800                __data_base__ = .
 *(.data)
 *(.data.*)
 .data.pwmcfg   0x20000800       0x48 C:\Users\arnau\AppData\Local\Temp\ccdj59qz.ltrans0.ltrans.o
 .data.serial_mtx
                0x20000848       0x10 C:\Users\arnau\AppData\Local\Temp\ccdj59qz.ltrans0.ltrans.o
 *(.ramtext)
                0x20000858                . = ALIGN (0x4)
                [!provide]                PROVIDE (_edata = .)
                0x20000858                __data_end__ = .

.igot.plt       0x20000858        0x0 load address 0x0800354c
 .igot.plt      0x20000858        0x0 ./build/obj/crt0_v7m.o

.bss            0x20000858      0x870 load address 0x0800354c
                0x20000858                __bss_base__ = .
 *(.bss)
 *(.bss.*)
 .bss.LPSIOD1   0x20000858       0x30 C:\Users\arnau\AppData\Local\Temp\ccdj59qz.ltrans0.ltrans.o
 .bss.PWMD3     0x20000888       0x20 C:\Users\arnau\AppData\Local\Temp\ccdj59qz.ltrans0.ltrans.o
 .bss.SD1       0x200008a8       0x60 C:\Users\arnau\AppData\Local\Temp\ccdj59qz.ltrans0.ltrans.o
 .bss.SD2       0x20000908       0x60 C:\Users\arnau\AppData\Local\Temp\ccdj59qz.ltrans0.ltrans.o
 .bss._pal_events
                0x20000968      0x100 C:\Users\arnau\AppData\Local\Temp\ccdj59qz.ltrans0.ltrans.o
 .bss.ch0       0x20000a68       0xb0 C:\Users\arnau\AppData\Local\Temp\ccdj59qz.ltrans0.ltrans.o
 .bss.ch_c0_idle_thread_wa
                0x20000b18       0xd0 C:\Users\arnau\AppData\Local\Temp\ccdj59qz.ltrans0.ltrans.o
 .bss.ch_factory
                0x20000be8       0x48 C:\Users\arnau\AppData\Local\Temp\ccdj59qz.ltrans0.ltrans.o
 .bss.ch_memcore
                0x20000c30        0x8 C:\Users\arnau\AppData\Local\Temp\ccdj59qz.ltrans0.ltrans.o
 .bss.ch_system
                0x20000c38        0xc C:\Users\arnau\AppData\Local\Temp\ccdj59qz.ltrans0.ltrans.o
 .bss.default_heap
                0x20000c44       0x1c C:\Users\arnau\AppData\Local\Temp\ccdj59qz.ltrans0.ltrans.o
 .bss.front     0x20000c60        0x1 C:\Users\arnau\AppData\Local\Temp\ccdj59qz.ltrans0.ltrans.o
 .bss.gir       0x20000c61        0x1 C:\Users\arnau\AppData\Local\Temp\ccdj59qz.ltrans0.ltrans.o
 *fill*         0x20000c62        0x2 
 .bss.sd_in_buf1
                0x20000c64       0x10 C:\Users\arnau\AppData\Local\Temp\ccdj59qz.ltrans0.ltrans.o
 .bss.sd_in_buf2
                0x20000c74       0x10 C:\Users\arnau\AppData\Local\Temp\ccdj59qz.ltrans0.ltrans.o
 .bss.sd_out_buf1
                0x20000c84       0x10 C:\Users\arnau\AppData\Local\Temp\ccdj59qz.ltrans0.ltrans.o
 .bss.sd_out_buf2
                0x20000c94       0x10 C:\Users\arnau\AppData\Local\Temp\ccdj59qz.ltrans0.ltrans.o
 .bss.vel_front
                0x20000ca4        0x1 C:\Users\arnau\AppData\Local\Temp\ccdj59qz.ltrans0.ltrans.o
 .bss.vel_gir   0x20000ca5        0x1 C:\Users\arnau\AppData\Local\Temp\ccdj59qz.ltrans0.ltrans.o
 *fill*         0x20000ca6        0x2 
 .bss.waPWM     0x20000ca8      0x290 C:\Users\arnau\AppData\Local\Temp\ccdj59qz.ltrans0.ltrans.o
 .bss.waSerial  0x20000f38      0x190 C:\Users\arnau\AppData\Local\Temp\ccdj59qz.ltrans0.ltrans.o
 *(COMMON)
                0x200010c8                . = ALIGN (0x4)
                0x200010c8                __bss_end__ = .
                [!provide]                PROVIDE (end = .)
                0x20000000                __ram0_base__ = ORIGIN (ram0)
                0x00020000                __ram0_size__ = LENGTH (ram0)
                0x20020000                __ram0_end__ = (__ram0_base__ + __ram0_size__)
                0x20000000                __ram1_base__ = ORIGIN (ram1)
                0x00018000                __ram1_size__ = LENGTH (ram1)
                0x20018000                __ram1_end__ = (__ram1_base__ + __ram1_size__)
                0x20000000                __ram2_base__ = ORIGIN (ram2)
                0x00014000                __ram2_size__ = LENGTH (ram2)
                0x20014000                __ram2_end__ = (__ram2_base__ + __ram2_size__)
                0x20014000                __ram3_base__ = ORIGIN (ram3)
                0x00004000                __ram3_size__ = LENGTH (ram3)
                0x20018000                __ram3_end__ = (__ram3_base__ + __ram3_size__)
                0x20018000                __ram4_base__ = ORIGIN (ram4)
                0x00008000                __ram4_size__ = LENGTH (ram4)
                0x20020000                __ram4_end__ = (__ram4_base__ + __ram4_size__)
                0x10000000                __ram5_base__ = ORIGIN (ram5)
                0x00008000                __ram5_size__ = LENGTH (ram5)
                0x10008000                __ram5_end__ = (__ram5_base__ + __ram5_size__)
                0x00000000                __ram6_base__ = ORIGIN (ram6)
                0x00000000                __ram6_size__ = LENGTH (ram6)
                0x00000000                __ram6_end__ = (__ram6_base__ + __ram6_size__)
                0x00000000                __ram7_base__ = ORIGIN (ram7)
                0x00000000                __ram7_size__ = LENGTH (ram7)
                0x00000000                __ram7_end__ = (__ram7_base__ + __ram7_size__)
                0x08000000                __flash0_base__ = ORIGIN (flash0)
                0x00080000                __flash0_size__ = LENGTH (flash0)
                0x08080000                __flash0_end__ = (__flash0_base__ + __flash0_size__)
                0x00000000                __flash1_base__ = ORIGIN (flash1)
                0x00000000                __flash1_size__ = LENGTH (flash1)
                0x00000000                __flash1_end__ = (__flash1_base__ + __flash1_size__)
                0x00000000                __flash2_base__ = ORIGIN (flash2)
                0x00000000                __flash2_size__ = LENGTH (flash2)
                0x00000000                __flash2_end__ = (__flash2_base__ + __flash2_size__)
                0x00000000                __flash3_base__ = ORIGIN (flash3)
                0x00000000                __flash3_size__ = LENGTH (flash3)
                0x00000000                __flash3_end__ = (__flash3_base__ + __flash3_size__)
                0x00000000                __flash4_base__ = ORIGIN (flash4)
                0x00000000                __flash4_size__ = LENGTH (flash4)
                0x00000000                __flash4_end__ = (__flash4_base__ + __flash4_size__)
                0x00000000                __flash5_base__ = ORIGIN (flash5)
                0x00000000                __flash5_size__ = LENGTH (flash5)
                0x00000000                __flash5_end__ = (__flash5_base__ + __flash5_size__)
                0x00000000                __flash6_base__ = ORIGIN (flash6)
                0x00000000                __flash6_size__ = LENGTH (flash6)
                0x00000000                __flash6_end__ = (__flash6_base__ + __flash6_size__)
                0x00000000                __flash7_base__ = ORIGIN (flash7)
                0x00000000                __flash7_size__ = LENGTH (flash7)
                0x00000000                __flash7_end__ = (__flash7_base__ + __flash7_size__)

.ram0_init      0x200010c8        0x0 load address 0x0800354c
                0x0800354c                __ram0_init_text__ = LOADADDR (.ram0_init)
                0x200010c8                __ram0_init__ = .
 *(.ram0_init)
 *(.ram0_init.*)
                0x200010c8                . = ALIGN (0x4)

.ram0           0x200010c8        0x0 load address 0x0800354c
                0x200010c8                __ram0_clear__ = .
 *(.ram0_clear)
 *(.ram0_clear.*)
                0x200010c8                . = ALIGN (0x4)
                0x200010c8                __ram0_noinit__ = .
 *(.ram0)
 *(.ram0.*)
                0x200010c8                . = ALIGN (0x4)
                0x200010c8                __ram0_free__ = .

.ram1_init      0x20000000        0x0 load address 0x0800354c
                0x0800354c                __ram1_init_text__ = LOADADDR (.ram1_init)
                0x20000000                __ram1_init__ = .
 *(.ram1_init)
 *(.ram1_init.*)
                0x20000000                . = ALIGN (0x4)

.ram1           0x20000000        0x0 load address 0x0800354c
                0x20000000                __ram1_clear__ = .
 *(.ram1_clear)
 *(.ram1_clear.*)
                0x20000000                . = ALIGN (0x4)
                0x20000000                __ram1_noinit__ = .
 *(.ram1)
 *(.ram1.*)
                0x20000000                . = ALIGN (0x4)
                0x20000000                __ram1_free__ = .

.ram2_init      0x20000000        0x0 load address 0x0800354c
                0x0800354c                __ram2_init_text__ = LOADADDR (.ram2_init)
                0x20000000                __ram2_init__ = .
 *(.ram2_init)
 *(.ram2_init.*)
                0x20000000                . = ALIGN (0x4)

.ram2           0x20000000        0x0 load address 0x0800354c
                0x20000000                __ram2_clear__ = .
 *(.ram2_clear)
 *(.ram2_clear.*)
                0x20000000                . = ALIGN (0x4)
                0x20000000                __ram2_noinit__ = .
 *(.ram2)
 *(.ram2.*)
                0x20000000                . = ALIGN (0x4)
                0x20000000                __ram2_free__ = .

.ram3_init      0x20014000        0x0 load address 0x0800354c
                0x0800354c                __ram3_init_text__ = LOADADDR (.ram3_init)
                0x20014000                __ram3_init__ = .
 *(.ram3_init)
 *(.ram3_init.*)
                0x20014000                . = ALIGN (0x4)

.ram3           0x20014000        0x0 load address 0x0800354c
                0x20014000                __ram3_clear__ = .
 *(.ram3_clear)
 *(.ram3_clear.*)
                0x20014000                . = ALIGN (0x4)
                0x20014000                __ram3_noinit__ = .
 *(.ram3)
 *(.ram3.*)
                0x20014000                . = ALIGN (0x4)
                0x20014000                __ram3_free__ = .

.ram4_init      0x20018000        0x0 load address 0x0800354c
                0x0800354c                __ram4_init_text__ = LOADADDR (.ram4_init)
                0x20018000                __ram4_init__ = .
 *(.ram4_init)
 *(.ram4_init.*)
                0x20018000                . = ALIGN (0x4)

.ram4           0x20018000        0x0 load address 0x0800354c
                0x20018000                __ram4_clear__ = .
 *(.ram4_clear)
 *(.ram4_clear.*)
                0x20018000                . = ALIGN (0x4)
                0x20018000                __ram4_noinit__ = .
 *(.ram4)
 *(.ram4.*)
                0x20018000                . = ALIGN (0x4)
                0x20018000                __ram4_free__ = .

.ram5_init      0x10000000        0x0 load address 0x0800354c
                0x0800354c                __ram5_init_text__ = LOADADDR (.ram5_init)
                0x10000000                __ram5_init__ = .
 *(.ram5_init)
 *(.ram5_init.*)
                0x10000000                . = ALIGN (0x4)

.ram5           0x10000000        0x0 load address 0x0800354c
                0x10000000                __ram5_clear__ = .
 *(.ram5_clear)
 *(.ram5_clear.*)
                0x10000000                . = ALIGN (0x4)
                0x10000000                __ram5_noinit__ = .
 *(.ram5)
 *(.ram5.*)
                0x10000000                . = ALIGN (0x4)
                0x10000000                __ram5_free__ = .

.ram6_init      0x00000000        0x0 load address 0x0800354c
                0x0800354c                __ram6_init_text__ = LOADADDR (.ram6_init)
                0x00000000                __ram6_init__ = .
 *(.ram6_init)
 *(.ram6_init.*)
                0x00000000                . = ALIGN (0x4)

.ram6           0x00000000        0x0 load address 0x0800354c
                0x00000000                __ram6_clear__ = .
 *(.ram6_clear)
 *(.ram6_clear.*)
                0x00000000                . = ALIGN (0x4)
                0x00000000                __ram6_noinit__ = .
 *(.ram6)
 *(.ram6.*)
                0x00000000                . = ALIGN (0x4)
                0x00000000                __ram6_free__ = .

.ram7_init      0x00000000        0x0 load address 0x0800354c
                0x0800354c                __ram7_init_text__ = LOADADDR (.ram7_init)
                0x00000000                __ram7_init__ = .
 *(.ram7_init)
 *(.ram7_init.*)
                0x00000000                . = ALIGN (0x4)

.ram7           0x00000000        0x0 load address 0x0800354c
                0x00000000                __ram7_clear__ = .
 *(.ram7_clear)
 *(.ram7_clear.*)
                0x00000000                . = ALIGN (0x4)
                0x00000000                __ram7_noinit__ = .
 *(.ram7)
 *(.ram7.*)
                0x00000000                . = ALIGN (0x4)
                0x00000000                __ram7_free__ = .

.flash0         0x0800354c        0x0
                0x0800354c                __flash0_init__ = .
 *(.flash0_init)
 *(.flash0_init.*)
                0x0800354c                __flash0_free__ = .

.flash1         0x00000000        0x0
                0x00000000                __flash1_init__ = .
 *(.flash1_init)
 *(.flash1_init.*)
                0x00000000                __flash1_free__ = .

.flash2         0x00000000        0x0
                0x00000000                __flash2_init__ = .
 *(.flash2_init)
 *(.flash2_init.*)
                0x00000000                __flash2_free__ = .

.flash3         0x00000000        0x0
                0x00000000                __flash3_init__ = .
 *(.flash3_init)
 *(.flash3_init.*)
                0x00000000                __flash3_free__ = .

.flash4         0x00000000        0x0
                0x00000000                __flash4_init__ = .
 *(.flash4_init)
 *(.flash4_init.*)
                0x00000000                __flash4_free__ = .

.flash5         0x00000000        0x0
                0x00000000                __flash5_init__ = .
 *(.flash5_init)
 *(.flash5_init.*)
                0x00000000                __flash5_free__ = .

.flash6         0x00000000        0x0
                0x00000000                __flash6_init__ = .
 *(.flash6_init)
 *(.flash6_init.*)
                0x00000000                __flash6_free__ = .

.flash7         0x00000000        0x0
                0x00000000                __flash7_init__ = .
 *(.flash7_init)
 *(.flash7_init.*)
                0x00000000                __flash7_free__ = .

.heap           0x200010c8    0x1ef38
                0x200010c8                . = ALIGN (0x8)
                0x200010c8                __heap_base__ = .
                0x20020000                . = (ORIGIN (HEAP_RAM) + LENGTH (HEAP_RAM))
 *fill*         0x200010c8    0x1ef38 
                0x20020000                __heap_end__ = .
                0x00000400                __process_stack_size__ = 0x400
                0x00000400                __main_stack_size__ = 0x400
START GROUP
LOAD c:/chibistudio/tools/gnu tools arm embedded/11.3 2022.08/bin/../lib/gcc/arm-none-eabi/11.3.1/thumb/v7e-m/nofp\libgcc.a
LOAD c:/chibistudio/tools/gnu tools arm embedded/11.3 2022.08/bin/../lib/gcc/arm-none-eabi/11.3.1/thumb/v7e-m/nofp\libg.a
LOAD c:/chibistudio/tools/gnu tools arm embedded/11.3 2022.08/bin/../lib/gcc/arm-none-eabi/11.3.1/thumb/v7e-m/nofp\libc.a
END GROUP
OUTPUT(build/ch.elf elf32-littlearm)
LOAD linker stubs

.ARM.attributes
                0x00000000       0x2f
 .ARM.attributes
                0x00000000       0x21 ./build/obj/crt0_v7m.o
 .ARM.attributes
                0x00000021       0x21 ./build/obj/vectors.o
 .ARM.attributes
                0x00000042       0x21 ./build/obj/chcoreasm.o
 .ARM.attributes
                0x00000063       0x2c C:\Users\arnau\AppData\Local\Temp\ccdj59qz.ltrans0.ltrans.o
 .ARM.attributes
                0x0000008f       0x2e c:/chibistudio/tools/gnu tools arm embedded/11.3 2022.08/bin/../lib/gcc/arm-none-eabi/11.3.1/thumb/v7e-m/nofp\libg.a(libc_a-memset.o)
 .ARM.attributes
                0x000000bd       0x1c c:/chibistudio/tools/gnu tools arm embedded/11.3 2022.08/bin/../lib/gcc/arm-none-eabi/11.3.1/thumb/v7e-m/nofp\libg.a(libc_a-memcpy.o)

.comment        0x00000000       0x33
 .comment       0x00000000       0x33 C:\Users\arnau\AppData\Local\Temp\ccdj59qz.ltrans0.ltrans.o
                                 0x34 (size before relaxing)
 .comment       0x00000033       0x34 c:/chibistudio/tools/gnu tools arm embedded/11.3 2022.08/bin/../lib/gcc/arm-none-eabi/11.3.1/thumb/v7e-m/nofp\libg.a(libc_a-memset.o)

.debug_line     0x00000000     0x9ff5
 .debug_line    0x00000000       0xa6 ./build/obj/crt0_v7m.o
 .debug_line    0x000000a6       0x4f ./build/obj/vectors.o
 .debug_line    0x000000f5       0x6c ./build/obj/chcoreasm.o
 .debug_line    0x00000161     0x8620 C:\Users\arnau\AppData\Local\Temp\ccdj59qz.ltrans0.ltrans.o
 .debug_line    0x00008781       0x4c C:\Users\arnau\AppData\Local\Temp\cc7YGoiG.debug.temp.o
 .debug_line    0x000087cd       0x76 C:\Users\arnau\AppData\Local\Temp\ccYXF1Lm.debug.temp.o
 .debug_line    0x00008843       0x67 C:\Users\arnau\AppData\Local\Temp\ccNP3Sr3.debug.temp.o
 .debug_line    0x000088aa       0xa4 C:\Users\arnau\AppData\Local\Temp\ccMdK7Xe.debug.temp.o
 .debug_line    0x0000894e       0x8c C:\Users\arnau\AppData\Local\Temp\cc8KaxCd.debug.temp.o
 .debug_line    0x000089da       0xd4 C:\Users\arnau\AppData\Local\Temp\ccXewNMW.debug.temp.o
 .debug_line    0x00008aae       0xd8 C:\Users\arnau\AppData\Local\Temp\cce74toG.debug.temp.o
 .debug_line    0x00008b86       0x55 C:\Users\arnau\AppData\Local\Temp\ccZIvYVp.debug.temp.o
 .debug_line    0x00008bdb      0x1c2 C:\Users\arnau\AppData\Local\Temp\ccecEXw8.debug.temp.o
 .debug_line    0x00008d9d       0xa6 C:\Users\arnau\AppData\Local\Temp\cc3NV3DR.debug.temp.o
 .debug_line    0x00008e43       0x89 C:\Users\arnau\AppData\Local\Temp\cc5QLbc0.debug.temp.o
 .debug_line    0x00008ecc       0x8b C:\Users\arnau\AppData\Local\Temp\ccu9JTGL.debug.temp.o
 .debug_line    0x00008f57       0x71 C:\Users\arnau\AppData\Local\Temp\ccJgfYFx.debug.temp.o
 .debug_line    0x00008fc8       0xd4 C:\Users\arnau\AppData\Local\Temp\ccoteawj.debug.temp.o
 .debug_line    0x0000909c       0xd8 C:\Users\arnau\AppData\Local\Temp\ccXcybq4.debug.temp.o
 .debug_line    0x00009174       0x67 C:\Users\arnau\AppData\Local\Temp\ccSHgeDP.debug.temp.o
 .debug_line    0x000091db       0xd2 C:\Users\arnau\AppData\Local\Temp\cc2pXUQt.debug.temp.o
 .debug_line    0x000092ad       0x8f C:\Users\arnau\AppData\Local\Temp\cc1YaXjj.debug.temp.o
 .debug_line    0x0000933c       0xa6 C:\Users\arnau\AppData\Local\Temp\cccXCmjL.debug.temp.o
 .debug_line    0x000093e2       0x9d C:\Users\arnau\AppData\Local\Temp\ccrOzf9z.debug.temp.o
 .debug_line    0x0000947f       0xac C:\Users\arnau\AppData\Local\Temp\cccuaEvo.debug.temp.o
 .debug_line    0x0000952b       0xcc C:\Users\arnau\AppData\Local\Temp\ccVMDSVb.debug.temp.o
 .debug_line    0x000095f7       0x9d C:\Users\arnau\AppData\Local\Temp\ccmyYIcZ.debug.temp.o
 .debug_line    0x00009694       0xb9 C:\Users\arnau\AppData\Local\Temp\cc1I8YXM.debug.temp.o
 .debug_line    0x0000974d       0xa2 C:\Users\arnau\AppData\Local\Temp\ccp4vN6v.debug.temp.o
 .debug_line    0x000097ef       0xa7 C:\Users\arnau\AppData\Local\Temp\ccdl2cge.debug.temp.o
 .debug_line    0x00009896       0x79 C:\Users\arnau\AppData\Local\Temp\ccLkESQC.debug.temp.o
 .debug_line    0x0000990f       0xa1 C:\Users\arnau\AppData\Local\Temp\cc6uhPFs.debug.temp.o
 .debug_line    0x000099b0       0x97 C:\Users\arnau\AppData\Local\Temp\ccRKoTli.debug.temp.o
 .debug_line    0x00009a47       0xc3 C:\Users\arnau\AppData\Local\Temp\cc7KfWNP.debug.temp.o
 .debug_line    0x00009b0a       0xac C:\Users\arnau\AppData\Local\Temp\ccmwP25I.debug.temp.o
 .debug_line    0x00009bb6       0x76 C:\Users\arnau\AppData\Local\Temp\ccabINLv.debug.temp.o
 .debug_line    0x00009c2c       0xf7 C:\Users\arnau\AppData\Local\Temp\ccEhfx0P.debug.temp.o
 .debug_line    0x00009d23      0x23d c:/chibistudio/tools/gnu tools arm embedded/11.3 2022.08/bin/../lib/gcc/arm-none-eabi/11.3.1/thumb/v7e-m/nofp\libg.a(libc_a-memset.o)
 .debug_line    0x00009f60       0x95 c:/chibistudio/tools/gnu tools arm embedded/11.3 2022.08/bin/../lib/gcc/arm-none-eabi/11.3.1/thumb/v7e-m/nofp\libg.a(libc_a-memcpy.o)

.debug_line_str
                0x00000000     0x11c0
 .debug_line_str
                0x00000000       0x69 ./build/obj/crt0_v7m.o
                                 0x74 (size before relaxing)
 .debug_line_str
                0x00000069        0xa ./build/obj/vectors.o
                                 0x72 (size before relaxing)
 .debug_line_str
                0x00000073       0x48 ./build/obj/chcoreasm.o
                                 0x79 (size before relaxing)
 .debug_line_str
                0x000000bb      0x105 C:\Users\arnau\AppData\Local\Temp\cc7YGoiG.debug.temp.o
                                0x16a (size before relaxing)
 .debug_line_str
                0x000001c0      0x169 C:\Users\arnau\AppData\Local\Temp\ccYXF1Lm.debug.temp.o
                                0x194 (size before relaxing)
 .debug_line_str
                0x00000329       0xca C:\Users\arnau\AppData\Local\Temp\ccNP3Sr3.debug.temp.o
                                0x1da (size before relaxing)
 .debug_line_str
                0x000003f3      0x1a4 C:\Users\arnau\AppData\Local\Temp\ccMdK7Xe.debug.temp.o
                                0x32e (size before relaxing)
 .debug_line_str
                0x00000597       0x35 C:\Users\arnau\AppData\Local\Temp\cc8KaxCd.debug.temp.o
                                0x284 (size before relaxing)
 .debug_line_str
                0x000005cc      0x115 C:\Users\arnau\AppData\Local\Temp\ccXewNMW.debug.temp.o
                                0x3c2 (size before relaxing)
 .debug_line_str
                0x000006e1       0x35 C:\Users\arnau\AppData\Local\Temp\cce74toG.debug.temp.o
                                0x402 (size before relaxing)
 .debug_line_str
                0x00000716       0x6c C:\Users\arnau\AppData\Local\Temp\ccZIvYVp.debug.temp.o
                                0x194 (size before relaxing)
 .debug_line_str
                0x00000782      0x301 C:\Users\arnau\AppData\Local\Temp\ccecEXw8.debug.temp.o
                                0x7ce (size before relaxing)
 .debug_line_str
                0x00000a83       0xec C:\Users\arnau\AppData\Local\Temp\cc3NV3DR.debug.temp.o
                                0x2de (size before relaxing)
 .debug_line_str
                0x00000b6f       0x4b C:\Users\arnau\AppData\Local\Temp\cc5QLbc0.debug.temp.o
                                0x25f (size before relaxing)
 .debug_line_str
                0x00000bba       0x40 C:\Users\arnau\AppData\Local\Temp\ccu9JTGL.debug.temp.o
                                0x2e7 (size before relaxing)
 .debug_line_str
                0x00000bfa       0x3d C:\Users\arnau\AppData\Local\Temp\ccJgfYFx.debug.temp.o
                                0x21d (size before relaxing)
 .debug_line_str
                0x00000c37       0x42 C:\Users\arnau\AppData\Local\Temp\ccoteawj.debug.temp.o
                                0x3f1 (size before relaxing)
 .debug_line_str
                0x00000c79       0x3f C:\Users\arnau\AppData\Local\Temp\ccXcybq4.debug.temp.o
                                0x431 (size before relaxing)
 .debug_line_str
                0x00000cb8       0x3b C:\Users\arnau\AppData\Local\Temp\ccSHgeDP.debug.temp.o
                                0x211 (size before relaxing)
 .debug_line_str
                0x00000cf3       0xac C:\Users\arnau\AppData\Local\Temp\cc2pXUQt.debug.temp.o
                                0x33e (size before relaxing)
 .debug_line_str
                0x00000d9f       0x25 C:\Users\arnau\AppData\Local\Temp\cc1YaXjj.debug.temp.o
                                0x216 (size before relaxing)
 .debug_line_str
                0x00000dc4       0x32 C:\Users\arnau\AppData\Local\Temp\cccXCmjL.debug.temp.o
                                0x290 (size before relaxing)
 .debug_line_str
                0x00000df6       0x25 C:\Users\arnau\AppData\Local\Temp\ccrOzf9z.debug.temp.o
                                0x260 (size before relaxing)
 .debug_line_str
                0x00000e1b       0x37 C:\Users\arnau\AppData\Local\Temp\cccuaEvo.debug.temp.o
                                0x27b (size before relaxing)
 .debug_line_str
                0x00000e52       0x35 C:\Users\arnau\AppData\Local\Temp\ccVMDSVb.debug.temp.o
                                0x35f (size before relaxing)
 .debug_line_str
                0x00000e87       0x23 C:\Users\arnau\AppData\Local\Temp\ccmyYIcZ.debug.temp.o
                                0x25b (size before relaxing)
 .debug_line_str
                0x00000eaa       0x29 C:\Users\arnau\AppData\Local\Temp\cc1I8YXM.debug.temp.o
                                0x340 (size before relaxing)
 .debug_line_str
                0x00000ed3       0x24 C:\Users\arnau\AppData\Local\Temp\ccp4vN6v.debug.temp.o
                                0x26c (size before relaxing)
 .debug_line_str
                0x00000ef7       0x27 C:\Users\arnau\AppData\Local\Temp\ccdl2cge.debug.temp.o
                                0x27d (size before relaxing)
 .debug_line_str
                0x00000f1e       0x4a C:\Users\arnau\AppData\Local\Temp\ccLkESQC.debug.temp.o
                                0x278 (size before relaxing)
 .debug_line_str
                0x00000f68       0x2c C:\Users\arnau\AppData\Local\Temp\cc6uhPFs.debug.temp.o
                                0x2bf (size before relaxing)
 .debug_line_str
                0x00000f94       0x2c C:\Users\arnau\AppData\Local\Temp\ccRKoTli.debug.temp.o
                                0x2b5 (size before relaxing)
 .debug_line_str
                0x00000fc0       0x4d C:\Users\arnau\AppData\Local\Temp\cc7KfWNP.debug.temp.o
                                0x350 (size before relaxing)
 .debug_line_str
                0x0000100d       0x37 C:\Users\arnau\AppData\Local\Temp\ccmwP25I.debug.temp.o
                                0x2aa (size before relaxing)
 .debug_line_str
                0x00001044       0x84 C:\Users\arnau\AppData\Local\Temp\ccabINLv.debug.temp.o
                                0x22b (size before relaxing)
 .debug_line_str
                0x000010c8       0x18 C:\Users\arnau\AppData\Local\Temp\ccEhfx0P.debug.temp.o
                                0x3f8 (size before relaxing)
 .debug_line_str
                0x000010e0       0xe0 c:/chibistudio/tools/gnu tools arm embedded/11.3 2022.08/bin/../lib/gcc/arm-none-eabi/11.3.1/thumb/v7e-m/nofp\libg.a(libc_a-memcpy.o)
                                 0xf0 (size before relaxing)

.debug_info     0x00000000    0x235a9
 .debug_info    0x00000000       0x25 ./build/obj/crt0_v7m.o
 .debug_info    0x00000025       0x24 ./build/obj/vectors.o
 .debug_info    0x00000049       0x24 ./build/obj/chcoreasm.o
 .debug_info    0x0000006d     0xbc62 C:\Users\arnau\AppData\Local\Temp\ccdj59qz.ltrans0.ltrans.o
 .debug_info    0x0000bccf      0x296 C:\Users\arnau\AppData\Local\Temp\cc7YGoiG.debug.temp.o
                0x0000bccf                crt1.c.25285123
 .debug_info    0x0000bf65       0xc3 C:\Users\arnau\AppData\Local\Temp\ccYXF1Lm.debug.temp.o
                0x0000bf65                hal.c.d70a2d1d
 .debug_info    0x0000c028      0x346 C:\Users\arnau\AppData\Local\Temp\ccNP3Sr3.debug.temp.o
                0x0000c028                hal_st.c.e8123fa0
 .debug_info    0x0000c36e      0x83f C:\Users\arnau\AppData\Local\Temp\ccMdK7Xe.debug.temp.o
                0x0000c36e                hal_queues.c.50cbd6c9
 .debug_info    0x0000cbad      0x7d5 C:\Users\arnau\AppData\Local\Temp\cc8KaxCd.debug.temp.o
                0x0000cbad                hal_pwm.c.e46e5d37
 .debug_info    0x0000d382     0x124c C:\Users\arnau\AppData\Local\Temp\ccXewNMW.debug.temp.o
                0x0000d382                hal_serial.c.ec709237
 .debug_info    0x0000e5ce     0x147d C:\Users\arnau\AppData\Local\Temp\cce74toG.debug.temp.o
                0x0000e5ce                hal_sio.c.b915b068
 .debug_info    0x0000fa4b      0x45b C:\Users\arnau\AppData\Local\Temp\ccZIvYVp.debug.temp.o
                0x0000fa4b                nvic.c.a0f04764
 .debug_info    0x0000fea6     0x1931 C:\Users\arnau\AppData\Local\Temp\ccecEXw8.debug.temp.o
                0x0000fea6                stm32_isr.c.9581ddbb
 .debug_info    0x000117d7      0xa10 C:\Users\arnau\AppData\Local\Temp\cc3NV3DR.debug.temp.o
                0x000117d7                hal_lld.c.a13803e7
 .debug_info    0x000121e7      0x656 C:\Users\arnau\AppData\Local\Temp\cc5QLbc0.debug.temp.o
                0x000121e7                hal_pal_lld.c.9184b251
 .debug_info    0x0001283d      0x5f7 C:\Users\arnau\AppData\Local\Temp\ccu9JTGL.debug.temp.o
                0x0001283d                hal_st_lld.c.76b6bd32
 .debug_info    0x00012e34      0x87e C:\Users\arnau\AppData\Local\Temp\ccJgfYFx.debug.temp.o
                0x00012e34                hal_pwm_lld.c.ad5db868
 .debug_info    0x000136b2     0x124f C:\Users\arnau\AppData\Local\Temp\ccoteawj.debug.temp.o
                0x000136b2                hal_serial_lld.c.c06265ab
 .debug_info    0x00014901     0x12a5 C:\Users\arnau\AppData\Local\Temp\ccXcybq4.debug.temp.o
                0x00014901                hal_sio_lld.c.6b2a42af
 .debug_info    0x00015ba6      0x4c6 C:\Users\arnau\AppData\Local\Temp\ccSHgeDP.debug.temp.o
                0x00015ba6                board.c.55006215
 .debug_info    0x0001606c      0xe31 C:\Users\arnau\AppData\Local\Temp\cc2pXUQt.debug.temp.o
                0x0001606c                chsys.c.513b0fd7
 .debug_info    0x00016e9d      0x7fe C:\Users\arnau\AppData\Local\Temp\cc1YaXjj.debug.temp.o
                0x00016e9d                chrfcu.c.a19c2a0c
 .debug_info    0x0001769b      0xe6f C:\Users\arnau\AppData\Local\Temp\cccXCmjL.debug.temp.o
                0x0001769b                chvt.c.23137c21
 .debug_info    0x0001850a      0xd76 C:\Users\arnau\AppData\Local\Temp\ccrOzf9z.debug.temp.o
                0x0001850a                chschd.c.2ebf9158
 .debug_info    0x00019280      0xcca C:\Users\arnau\AppData\Local\Temp\cccuaEvo.debug.temp.o
                0x00019280                chinstances.c.eaa53e1a
 .debug_info    0x00019f4a     0x1199 C:\Users\arnau\AppData\Local\Temp\ccVMDSVb.debug.temp.o
                0x00019f4a                chthreads.c.200ae8cd
 .debug_info    0x0001b0e3      0xb0c C:\Users\arnau\AppData\Local\Temp\ccmyYIcZ.debug.temp.o
                0x0001b0e3                chtm.c.ef6b9116
 .debug_info    0x0001bbef      0xc54 C:\Users\arnau\AppData\Local\Temp\cc1I8YXM.debug.temp.o
                0x0001bbef                chregistry.c.970782c3
 .debug_info    0x0001c843      0xb1b C:\Users\arnau\AppData\Local\Temp\ccp4vN6v.debug.temp.o
                0x0001c843                chmtx.c.a870d8a2
 .debug_info    0x0001d35e      0xdb8 C:\Users\arnau\AppData\Local\Temp\ccdl2cge.debug.temp.o
                0x0001d35e                chevents.c.1792e293
 .debug_info    0x0001e116      0x2ce C:\Users\arnau\AppData\Local\Temp\ccLkESQC.debug.temp.o
                0x0001e116                chmemcore.c.d9732a46
 .debug_info    0x0001e3e4      0xad2 C:\Users\arnau\AppData\Local\Temp\cc6uhPFs.debug.temp.o
                0x0001e3e4                chmemheaps.c.d3b6f556
 .debug_info    0x0001eeb6      0x5ac C:\Users\arnau\AppData\Local\Temp\ccRKoTli.debug.temp.o
                0x0001eeb6                chmempools.c.db57a32a
 .debug_info    0x0001f462     0x1563 C:\Users\arnau\AppData\Local\Temp\cc7KfWNP.debug.temp.o
                0x0001f462                chfactory.c.3e9c91a5
 .debug_info    0x000209c5     0x1034 C:\Users\arnau\AppData\Local\Temp\ccmwP25I.debug.temp.o
                0x000209c5                chcore.c.47c338ba
 .debug_info    0x000219f9      0x523 C:\Users\arnau\AppData\Local\Temp\ccabINLv.debug.temp.o
                0x000219f9                chprintf.c.2b8d65fc
 .debug_info    0x00021f1c     0x1533 C:\Users\arnau\AppData\Local\Temp\ccEhfx0P.debug.temp.o
                0x00021f1c                main.c.6de76cb1
 .debug_info    0x0002344f      0x135 c:/chibistudio/tools/gnu tools arm embedded/11.3 2022.08/bin/../lib/gcc/arm-none-eabi/11.3.1/thumb/v7e-m/nofp\libg.a(libc_a-memset.o)
 .debug_info    0x00023584       0x25 c:/chibistudio/tools/gnu tools arm embedded/11.3 2022.08/bin/../lib/gcc/arm-none-eabi/11.3.1/thumb/v7e-m/nofp\libg.a(libc_a-memcpy.o)

.debug_abbrev   0x00000000     0x4a53
 .debug_abbrev  0x00000000       0x14 ./build/obj/crt0_v7m.o
 .debug_abbrev  0x00000014       0x14 ./build/obj/vectors.o
 .debug_abbrev  0x00000028       0x14 ./build/obj/chcoreasm.o
 .debug_abbrev  0x0000003c      0x319 C:\Users\arnau\AppData\Local\Temp\ccdj59qz.ltrans0.ltrans.o
 .debug_abbrev  0x00000355       0xec C:\Users\arnau\AppData\Local\Temp\cc7YGoiG.debug.temp.o
 .debug_abbrev  0x00000441       0x6d C:\Users\arnau\AppData\Local\Temp\ccYXF1Lm.debug.temp.o
 .debug_abbrev  0x000004ae      0x17e C:\Users\arnau\AppData\Local\Temp\ccNP3Sr3.debug.temp.o
 .debug_abbrev  0x0000062c      0x20c C:\Users\arnau\AppData\Local\Temp\ccMdK7Xe.debug.temp.o
 .debug_abbrev  0x00000838      0x1f1 C:\Users\arnau\AppData\Local\Temp\cc8KaxCd.debug.temp.o
 .debug_abbrev  0x00000a29      0x2cb C:\Users\arnau\AppData\Local\Temp\ccXewNMW.debug.temp.o
 .debug_abbrev  0x00000cf4      0x2f2 C:\Users\arnau\AppData\Local\Temp\cce74toG.debug.temp.o
 .debug_abbrev  0x00000fe6      0x13e C:\Users\arnau\AppData\Local\Temp\ccZIvYVp.debug.temp.o
 .debug_abbrev  0x00001124      0x29a C:\Users\arnau\AppData\Local\Temp\ccecEXw8.debug.temp.o
 .debug_abbrev  0x000013be      0x237 C:\Users\arnau\AppData\Local\Temp\cc3NV3DR.debug.temp.o
 .debug_abbrev  0x000015f5      0x1e9 C:\Users\arnau\AppData\Local\Temp\cc5QLbc0.debug.temp.o
 .debug_abbrev  0x000017de      0x16d C:\Users\arnau\AppData\Local\Temp\ccu9JTGL.debug.temp.o
 .debug_abbrev  0x0000194b      0x1bd C:\Users\arnau\AppData\Local\Temp\ccJgfYFx.debug.temp.o
 .debug_abbrev  0x00001b08      0x26d C:\Users\arnau\AppData\Local\Temp\ccoteawj.debug.temp.o
 .debug_abbrev  0x00001d75      0x29a C:\Users\arnau\AppData\Local\Temp\ccXcybq4.debug.temp.o
 .debug_abbrev  0x0000200f      0x156 C:\Users\arnau\AppData\Local\Temp\ccSHgeDP.debug.temp.o
 .debug_abbrev  0x00002165      0x331 C:\Users\arnau\AppData\Local\Temp\cc2pXUQt.debug.temp.o
 .debug_abbrev  0x00002496      0x156 C:\Users\arnau\AppData\Local\Temp\cc1YaXjj.debug.temp.o
 .debug_abbrev  0x000025ec      0x2ad C:\Users\arnau\AppData\Local\Temp\cccXCmjL.debug.temp.o
 .debug_abbrev  0x00002899      0x25b C:\Users\arnau\AppData\Local\Temp\ccrOzf9z.debug.temp.o
 .debug_abbrev  0x00002af4      0x266 C:\Users\arnau\AppData\Local\Temp\cccuaEvo.debug.temp.o
 .debug_abbrev  0x00002d5a      0x314 C:\Users\arnau\AppData\Local\Temp\ccVMDSVb.debug.temp.o
 .debug_abbrev  0x0000306e      0x1b4 C:\Users\arnau\AppData\Local\Temp\ccmyYIcZ.debug.temp.o
 .debug_abbrev  0x00003222      0x291 C:\Users\arnau\AppData\Local\Temp\cc1I8YXM.debug.temp.o
 .debug_abbrev  0x000034b3      0x2ae C:\Users\arnau\AppData\Local\Temp\ccp4vN6v.debug.temp.o
 .debug_abbrev  0x00003761      0x2a5 C:\Users\arnau\AppData\Local\Temp\ccdl2cge.debug.temp.o
 .debug_abbrev  0x00003a06      0x15d C:\Users\arnau\AppData\Local\Temp\ccLkESQC.debug.temp.o
 .debug_abbrev  0x00003b63      0x268 C:\Users\arnau\AppData\Local\Temp\cc6uhPFs.debug.temp.o
 .debug_abbrev  0x00003dcb      0x206 C:\Users\arnau\AppData\Local\Temp\ccRKoTli.debug.temp.o
 .debug_abbrev  0x00003fd1      0x28b C:\Users\arnau\AppData\Local\Temp\cc7KfWNP.debug.temp.o
 .debug_abbrev  0x0000425c      0x25f C:\Users\arnau\AppData\Local\Temp\ccmwP25I.debug.temp.o
 .debug_abbrev  0x000044bb      0x1c9 C:\Users\arnau\AppData\Local\Temp\ccabINLv.debug.temp.o
 .debug_abbrev  0x00004684      0x304 C:\Users\arnau\AppData\Local\Temp\ccEhfx0P.debug.temp.o
 .debug_abbrev  0x00004988       0xb7 c:/chibistudio/tools/gnu tools arm embedded/11.3 2022.08/bin/../lib/gcc/arm-none-eabi/11.3.1/thumb/v7e-m/nofp\libg.a(libc_a-memset.o)
 .debug_abbrev  0x00004a3f       0x14 c:/chibistudio/tools/gnu tools arm embedded/11.3 2022.08/bin/../lib/gcc/arm-none-eabi/11.3.1/thumb/v7e-m/nofp\libg.a(libc_a-memcpy.o)

.debug_aranges  0x00000000      0x2c0
 .debug_aranges
                0x00000000       0x20 ./build/obj/crt0_v7m.o
 .debug_aranges
                0x00000020       0x20 ./build/obj/vectors.o
 .debug_aranges
                0x00000040       0x20 ./build/obj/chcoreasm.o
 .debug_aranges
                0x00000060      0x220 C:\Users\arnau\AppData\Local\Temp\ccdj59qz.ltrans0.ltrans.o
 .debug_aranges
                0x00000280       0x20 c:/chibistudio/tools/gnu tools arm embedded/11.3 2022.08/bin/../lib/gcc/arm-none-eabi/11.3.1/thumb/v7e-m/nofp\libg.a(libc_a-memset.o)
 .debug_aranges
                0x000002a0       0x20 c:/chibistudio/tools/gnu tools arm embedded/11.3 2022.08/bin/../lib/gcc/arm-none-eabi/11.3.1/thumb/v7e-m/nofp\libg.a(libc_a-memcpy.o)

.debug_str      0x00000000     0x4b62
 .debug_str     0x00000000       0x75 ./build/obj/crt0_v7m.o
 .debug_str     0x00000075       0x43 ./build/obj/vectors.o
                                 0x74 (size before relaxing)
 .debug_str     0x000000b8       0x48 ./build/obj/chcoreasm.o
                                 0x79 (size before relaxing)
 .debug_str     0x00000100      0x156 C:\Users\arnau\AppData\Local\Temp\ccdj59qz.ltrans0.ltrans.o
                                0x196 (size before relaxing)
 .debug_str     0x00000256      0x3ba C:\Users\arnau\AppData\Local\Temp\cc7YGoiG.debug.temp.o
                                0x447 (size before relaxing)
 .debug_str     0x00000610       0x89 C:\Users\arnau\AppData\Local\Temp\ccYXF1Lm.debug.temp.o
                                0x1f2 (size before relaxing)
 .debug_str     0x00000699      0x15b C:\Users\arnau\AppData\Local\Temp\ccNP3Sr3.debug.temp.o
                                0x2f1 (size before relaxing)
 .debug_str     0x000007f4      0x2e1 C:\Users\arnau\AppData\Local\Temp\ccMdK7Xe.debug.temp.o
                                0x4a5 (size before relaxing)
 .debug_str     0x00000ad5      0x2a6 C:\Users\arnau\AppData\Local\Temp\cc8KaxCd.debug.temp.o
                                0x544 (size before relaxing)
 .debug_str     0x00000d7b      0x533 C:\Users\arnau\AppData\Local\Temp\ccXewNMW.debug.temp.o
                                0x99a (size before relaxing)
 .debug_str     0x000012ae      0x35f C:\Users\arnau\AppData\Local\Temp\cce74toG.debug.temp.o
                                0x9fd (size before relaxing)
 .debug_str     0x0000160d      0x160 C:\Users\arnau\AppData\Local\Temp\ccZIvYVp.debug.temp.o
                                0x322 (size before relaxing)
 .debug_str     0x0000176d      0x694 C:\Users\arnau\AppData\Local\Temp\ccecEXw8.debug.temp.o
                               0x1074 (size before relaxing)
 .debug_str     0x00001e01      0x58c C:\Users\arnau\AppData\Local\Temp\cc3NV3DR.debug.temp.o
                                0x788 (size before relaxing)
 .debug_str     0x0000238d      0x19e C:\Users\arnau\AppData\Local\Temp\cc5QLbc0.debug.temp.o
                                0x4a5 (size before relaxing)
 .debug_str     0x0000252b       0x9b C:\Users\arnau\AppData\Local\Temp\ccu9JTGL.debug.temp.o
                                0x4bc (size before relaxing)
 .debug_str     0x000025c6       0x42 C:\Users\arnau\AppData\Local\Temp\ccJgfYFx.debug.temp.o
                                0x5ba (size before relaxing)
 .debug_str     0x00002608       0xa2 C:\Users\arnau\AppData\Local\Temp\ccoteawj.debug.temp.o
                                0xae6 (size before relaxing)
 .debug_str     0x000026aa       0xa9 C:\Users\arnau\AppData\Local\Temp\ccXcybq4.debug.temp.o
                                0xad5 (size before relaxing)
 .debug_str     0x00002753       0xbb C:\Users\arnau\AppData\Local\Temp\ccSHgeDP.debug.temp.o
                                0x447 (size before relaxing)
 .debug_str     0x0000280e      0x396 C:\Users\arnau\AppData\Local\Temp\cc2pXUQt.debug.temp.o
                                0xa27 (size before relaxing)
 .debug_str     0x00002ba4       0x53 C:\Users\arnau\AppData\Local\Temp\cc1YaXjj.debug.temp.o
                                0x5c2 (size before relaxing)
 .debug_str     0x00002bf7      0x245 C:\Users\arnau\AppData\Local\Temp\cccXCmjL.debug.temp.o
                                0x8a2 (size before relaxing)
 .debug_str     0x00002e3c      0x1a7 C:\Users\arnau\AppData\Local\Temp\ccrOzf9z.debug.temp.o
                                0x80a (size before relaxing)
 .debug_str     0x00002fe3      0x2b8 C:\Users\arnau\AppData\Local\Temp\cccuaEvo.debug.temp.o
                                0x95c (size before relaxing)
 .debug_str     0x0000329b      0x273 C:\Users\arnau\AppData\Local\Temp\ccVMDSVb.debug.temp.o
                                0x9ea (size before relaxing)
 .debug_str     0x0000350e       0x4d C:\Users\arnau\AppData\Local\Temp\ccmyYIcZ.debug.temp.o
                                0x7ad (size before relaxing)
 .debug_str     0x0000355b       0xb1 C:\Users\arnau\AppData\Local\Temp\cc1I8YXM.debug.temp.o
                                0x8e2 (size before relaxing)
 .debug_str     0x0000360c       0xc3 C:\Users\arnau\AppData\Local\Temp\ccp4vN6v.debug.temp.o
                                0x70b (size before relaxing)
 .debug_str     0x000036cf      0x1ad C:\Users\arnau\AppData\Local\Temp\ccdl2cge.debug.temp.o
                                0x839 (size before relaxing)
 .debug_str     0x0000387c       0xcb C:\Users\arnau\AppData\Local\Temp\ccLkESQC.debug.temp.o
                                0x2e6 (size before relaxing)
 .debug_str     0x00003947       0xe1 C:\Users\arnau\AppData\Local\Temp\cc6uhPFs.debug.temp.o
                                0x6d6 (size before relaxing)
 .debug_str     0x00003a28      0x169 C:\Users\arnau\AppData\Local\Temp\ccRKoTli.debug.temp.o
                                0x43a (size before relaxing)
 .debug_str     0x00003b91      0x4b7 C:\Users\arnau\AppData\Local\Temp\cc7KfWNP.debug.temp.o
                                0xc5d (size before relaxing)
 .debug_str     0x00004048      0x71f C:\Users\arnau\AppData\Local\Temp\ccmwP25I.debug.temp.o
                                0xe7a (size before relaxing)
 .debug_str     0x00004767      0x162 C:\Users\arnau\AppData\Local\Temp\ccabINLv.debug.temp.o
                                0x352 (size before relaxing)
 .debug_str     0x000048c9       0xc7 C:\Users\arnau\AppData\Local\Temp\ccEhfx0P.debug.temp.o
                                0xaa9 (size before relaxing)
 .debug_str     0x00004990      0x16b c:/chibistudio/tools/gnu tools arm embedded/11.3 2022.08/bin/../lib/gcc/arm-none-eabi/11.3.1/thumb/v7e-m/nofp\libg.a(libc_a-memset.o)
                                0x215 (size before relaxing)
 .debug_str     0x00004afb       0x67 c:/chibistudio/tools/gnu tools arm embedded/11.3 2022.08/bin/../lib/gcc/arm-none-eabi/11.3.1/thumb/v7e-m/nofp\libg.a(libc_a-memcpy.o)
                                 0xec (size before relaxing)

.debug_loclists
                0x00000000     0x60a3
 .debug_loclists
                0x00000000     0x5efe C:\Users\arnau\AppData\Local\Temp\ccdj59qz.ltrans0.ltrans.o
 .debug_loclists
                0x00005efe      0x1a5 c:/chibistudio/tools/gnu tools arm embedded/11.3 2022.08/bin/../lib/gcc/arm-none-eabi/11.3.1/thumb/v7e-m/nofp\libg.a(libc_a-memset.o)

.debug_rnglists
                0x00000000     0x1710
 .debug_rnglists
                0x00000000     0x16fc C:\Users\arnau\AppData\Local\Temp\ccdj59qz.ltrans0.ltrans.o
 .debug_rnglists
                0x000016fc       0x14 c:/chibistudio/tools/gnu tools arm embedded/11.3 2022.08/bin/../lib/gcc/arm-none-eabi/11.3.1/thumb/v7e-m/nofp\libg.a(libc_a-memset.o)

.debug_frame    0x00000000      0x79c
 .debug_frame   0x00000000      0x770 C:\Users\arnau\AppData\Local\Temp\ccdj59qz.ltrans0.ltrans.o
 .debug_frame   0x00000770       0x2c c:/chibistudio/tools/gnu tools arm embedded/11.3 2022.08/bin/../lib/gcc/arm-none-eabi/11.3.1/thumb/v7e-m/nofp\libg.a(libc_a-memset.o)

Cross Reference Table

Symbol                                            File
BusFault_Handler                                  ./build/obj/vectors.o
DebugMon_Handler                                  ./build/obj/vectors.o
HC05ApplyConfig                                   ./build/obj/hc05.o (symbol from plugin)
HC05GetAddress                                    ./build/obj/hc05.o (symbol from plugin)
HC05IsAlive                                       ./build/obj/hc05.o (symbol from plugin)
HC05Slave                                         ./build/obj/main.o (symbol from plugin)
HardFault_Handler                                 ./build/obj/vectors.o
LPSIOD1                                           ./build/obj/hal_sio_lld.o (symbol from plugin)
                                                  ./build/obj/stm32_isr.o (symbol from plugin)
MemManage_Handler                                 ./build/obj/vectors.o
NMI_Handler                                       ./build/obj/vectors.o
PWMD3                                             ./build/obj/hal_pwm_lld.o (symbol from plugin)
                                                  ./build/obj/main.o (symbol from plugin)
                                                  ./build/obj/stm32_isr.o (symbol from plugin)
PendSV_Handler                                    ./build/obj/chcoreasm.o
                                                  ./build/obj/vectors.o
Reset_Handler                                     ./build/obj/vectors.o
SD1                                               ./build/obj/hal_serial_lld.o (symbol from plugin)
                                                  ./build/obj/main.o (symbol from plugin)
                                                  ./build/obj/stm32_isr.o (symbol from plugin)
SD2                                               ./build/obj/hal_serial_lld.o (symbol from plugin)
                                                  ./build/obj/main.o (symbol from plugin)
                                                  ./build/obj/stm32_isr.o (symbol from plugin)
SVC_Handler                                       ./build/obj/chcoreasm.o
                                                  ./build/obj/vectors.o
SecureFault_Handler                               ./build/obj/vectors.o
SysTick_Handler                                   ./build/obj/vectors.o
SystemCoreClock                                   ./build/obj/hal_lld.o (symbol from plugin)
UsageFault_Handler                                ./build/obj/vectors.o
Vector100                                         ./build/obj/vectors.o
Vector104                                         ./build/obj/vectors.o
Vector108                                         ./build/obj/vectors.o
Vector10C                                         ./build/obj/vectors.o
Vector110                                         ./build/obj/vectors.o
Vector114                                         ./build/obj/vectors.o
Vector118                                         ./build/obj/vectors.o
Vector11C                                         ./build/obj/vectors.o
Vector120                                         ./build/obj/vectors.o
Vector124                                         ./build/obj/vectors.o
Vector128                                         ./build/obj/vectors.o
Vector12C                                         ./build/obj/vectors.o
Vector130                                         ./build/obj/vectors.o
Vector134                                         ./build/obj/vectors.o
Vector138                                         ./build/obj/vectors.o
Vector13C                                         ./build/obj/vectors.o
Vector140                                         ./build/obj/vectors.o
Vector144                                         ./build/obj/vectors.o
Vector148                                         ./build/obj/vectors.o
Vector14C                                         ./build/obj/vectors.o
Vector150                                         ./build/obj/vectors.o
Vector154                                         ./build/obj/vectors.o
Vector158                                         ./build/obj/vectors.o
Vector15C                                         ./build/obj/vectors.o
Vector160                                         ./build/obj/vectors.o
Vector164                                         ./build/obj/vectors.o
Vector168                                         ./build/obj/vectors.o
Vector16C                                         ./build/obj/vectors.o
Vector170                                         ./build/obj/vectors.o
Vector174                                         ./build/obj/vectors.o
Vector178                                         ./build/obj/vectors.o
Vector17C                                         ./build/obj/vectors.o
Vector180                                         ./build/obj/vectors.o
Vector184                                         ./build/obj/vectors.o
Vector188                                         ./build/obj/vectors.o
Vector18C                                         ./build/obj/vectors.o
Vector190                                         ./build/obj/vectors.o
Vector194                                         ./build/obj/vectors.o
Vector198                                         ./build/obj/vectors.o
Vector19C                                         ./build/obj/vectors.o
Vector1A0                                         ./build/obj/vectors.o
Vector1A4                                         ./build/obj/vectors.o
Vector1A8                                         ./build/obj/vectors.o
Vector1AC                                         C:\Users\arnau\AppData\Local\Temp\ccdj59qz.ltrans0.ltrans.o
                                                  ./build/obj/stm32_isr.o (symbol from plugin)
                                                  ./build/obj/vectors.o
Vector1B0                                         ./build/obj/vectors.o
Vector1B4                                         ./build/obj/vectors.o
Vector1B8                                         ./build/obj/vectors.o
Vector1BC                                         ./build/obj/vectors.o
Vector1C0                                         ./build/obj/vectors.o
Vector1C4                                         ./build/obj/vectors.o
Vector1C8                                         ./build/obj/vectors.o
Vector1CC                                         ./build/obj/vectors.o
Vector1D0                                         ./build/obj/vectors.o
Vector1D4                                         ./build/obj/vectors.o
Vector1D8                                         ./build/obj/vectors.o
Vector1DC                                         ./build/obj/vectors.o
Vector20                                          ./build/obj/vectors.o
Vector24                                          ./build/obj/vectors.o
Vector28                                          ./build/obj/vectors.o
Vector34                                          ./build/obj/vectors.o
Vector40                                          ./build/obj/vectors.o
Vector44                                          ./build/obj/vectors.o
Vector48                                          ./build/obj/vectors.o
Vector4C                                          ./build/obj/vectors.o
Vector50                                          ./build/obj/vectors.o
Vector54                                          ./build/obj/vectors.o
Vector58                                          C:\Users\arnau\AppData\Local\Temp\ccdj59qz.ltrans0.ltrans.o
                                                  ./build/obj/stm32_isr.o (symbol from plugin)
                                                  ./build/obj/vectors.o
Vector5C                                          C:\Users\arnau\AppData\Local\Temp\ccdj59qz.ltrans0.ltrans.o
                                                  ./build/obj/stm32_isr.o (symbol from plugin)
                                                  ./build/obj/vectors.o
Vector60                                          C:\Users\arnau\AppData\Local\Temp\ccdj59qz.ltrans0.ltrans.o
                                                  ./build/obj/stm32_isr.o (symbol from plugin)
                                                  ./build/obj/vectors.o
Vector64                                          C:\Users\arnau\AppData\Local\Temp\ccdj59qz.ltrans0.ltrans.o
                                                  ./build/obj/stm32_isr.o (symbol from plugin)
                                                  ./build/obj/vectors.o
Vector68                                          C:\Users\arnau\AppData\Local\Temp\ccdj59qz.ltrans0.ltrans.o
                                                  ./build/obj/stm32_isr.o (symbol from plugin)
                                                  ./build/obj/vectors.o
Vector6C                                          ./build/obj/vectors.o
Vector70                                          ./build/obj/vectors.o
Vector74                                          ./build/obj/vectors.o
Vector78                                          ./build/obj/vectors.o
Vector7C                                          ./build/obj/vectors.o
Vector80                                          ./build/obj/vectors.o
Vector84                                          ./build/obj/vectors.o
Vector88                                          ./build/obj/vectors.o
Vector8C                                          ./build/obj/vectors.o
Vector90                                          ./build/obj/vectors.o
Vector94                                          ./build/obj/vectors.o
Vector98                                          ./build/obj/vectors.o
Vector9C                                          C:\Users\arnau\AppData\Local\Temp\ccdj59qz.ltrans0.ltrans.o
                                                  ./build/obj/stm32_isr.o (symbol from plugin)
                                                  ./build/obj/vectors.o
VectorA0                                          ./build/obj/vectors.o
VectorA4                                          ./build/obj/vectors.o
VectorA8                                          ./build/obj/vectors.o
VectorAC                                          ./build/obj/vectors.o
VectorB0                                          C:\Users\arnau\AppData\Local\Temp\ccdj59qz.ltrans0.ltrans.o
                                                  ./build/obj/stm32_isr.o (symbol from plugin)
                                                  ./build/obj/vectors.o
VectorB4                                          C:\Users\arnau\AppData\Local\Temp\ccdj59qz.ltrans0.ltrans.o
                                                  ./build/obj/stm32_isr.o (symbol from plugin)
                                                  ./build/obj/vectors.o
VectorB8                                          ./build/obj/vectors.o
VectorBC                                          ./build/obj/vectors.o
VectorC0                                          ./build/obj/vectors.o
VectorC4                                          ./build/obj/vectors.o
VectorC8                                          ./build/obj/vectors.o
VectorCC                                          ./build/obj/vectors.o
VectorD0                                          ./build/obj/vectors.o
VectorD4                                          C:\Users\arnau\AppData\Local\Temp\ccdj59qz.ltrans0.ltrans.o
                                                  ./build/obj/stm32_isr.o (symbol from plugin)
                                                  ./build/obj/vectors.o
VectorD8                                          C:\Users\arnau\AppData\Local\Temp\ccdj59qz.ltrans0.ltrans.o
                                                  ./build/obj/stm32_isr.o (symbol from plugin)
                                                  ./build/obj/vectors.o
VectorDC                                          ./build/obj/vectors.o
VectorE0                                          C:\Users\arnau\AppData\Local\Temp\ccdj59qz.ltrans0.ltrans.o
                                                  ./build/obj/stm32_isr.o (symbol from plugin)
                                                  ./build/obj/vectors.o
VectorE4                                          ./build/obj/vectors.o
VectorE8                                          ./build/obj/vectors.o
VectorEC                                          ./build/obj/vectors.o
VectorF0                                          ./build/obj/vectors.o
VectorF4                                          ./build/obj/vectors.o
VectorF8                                          ./build/obj/vectors.o
VectorFC                                          ./build/obj/vectors.o
__bss_base__                                      ./build/obj/crt0_v7m.o
__bss_end__                                       ./build/obj/crt0_v7m.o
__ch_delegate_fn0                                 ./build/obj/chdelegates.o (symbol from plugin)
__ch_delegate_fn1                                 ./build/obj/chdelegates.o (symbol from plugin)
__ch_delegate_fn2                                 ./build/obj/chdelegates.o (symbol from plugin)
__ch_delegate_fn3                                 ./build/obj/chdelegates.o (symbol from plugin)
__ch_delegate_fn4                                 ./build/obj/chdelegates.o (symbol from plugin)
__core_init                                       ./build/obj/chmemcore.o (symbol from plugin)
                                                  ./build/obj/chsys.o (symbol from plugin)
__cpu_init                                        C:\Users\arnau\AppData\Local\Temp\ccdj59qz.ltrans0.ltrans.o
                                                  ./build/obj/crt1.o (symbol from plugin)
                                                  ./build/obj/crt0_v7m.o
__data_base__                                     ./build/obj/crt0_v7m.o
__data_end__                                      ./build/obj/crt0_v7m.o
__default_exit                                    C:\Users\arnau\AppData\Local\Temp\ccdj59qz.ltrans0.ltrans.o
                                                  ./build/obj/crt1.o (symbol from plugin)
                                                  ./build/obj/crt0_v7m.o
__early_init                                      C:\Users\arnau\AppData\Local\Temp\ccdj59qz.ltrans0.ltrans.o
                                                  ./build/obj/board.o (symbol from plugin)
                                                  ./build/obj/crt1.o (symbol from plugin)
                                                  ./build/obj/crt0_v7m.o
__factory_init                                    ./build/obj/chfactory.o (symbol from plugin)
                                                  ./build/obj/chsys.o (symbol from plugin)
__fini_array_base__                               ./build/obj/crt0_v7m.o
__fini_array_end__                                ./build/obj/crt0_v7m.o
__heap_base__                                     C:\Users\arnau\AppData\Local\Temp\ccdj59qz.ltrans0.ltrans.o
                                                  ./build/obj/chmemcore.o (symbol from plugin)
__heap_end__                                      C:\Users\arnau\AppData\Local\Temp\ccdj59qz.ltrans0.ltrans.o
                                                  ./build/obj/chmemcore.o (symbol from plugin)
__heap_init                                       ./build/obj/chmemheaps.o (symbol from plugin)
                                                  ./build/obj/chsys.o (symbol from plugin)
__init_array_base__                               ./build/obj/crt0_v7m.o
__init_array_end__                                ./build/obj/crt0_v7m.o
__init_ram_areas                                  C:\Users\arnau\AppData\Local\Temp\ccdj59qz.ltrans0.ltrans.o
                                                  ./build/obj/crt1.o (symbol from plugin)
                                                  ./build/obj/crt0_v7m.o
__late_init                                       C:\Users\arnau\AppData\Local\Temp\ccdj59qz.ltrans0.ltrans.o
                                                  ./build/obj/crt1.o (symbol from plugin)
                                                  ./build/obj/crt0_v7m.o
__main_stack_base__                               ./build/obj/crt0_v7m.o
__main_stack_end__                                ./build/obj/vectors.o
                                                  ./build/obj/crt0_v7m.o
__port_schedule_next                              C:\Users\arnau\AppData\Local\Temp\ccdj59qz.ltrans0.ltrans.o
                                                  ./build/obj/chcore.o (symbol from plugin)
                                                  ./build/obj/chcoreasm.o
__port_thread_start                               ./build/obj/chcoreasm.o
                                                  C:\Users\arnau\AppData\Local\Temp\ccdj59qz.ltrans0.ltrans.o
                                                  ./build/obj/chthreads.o (symbol from plugin)
__process_stack_base__                            ./build/obj/crt0_v7m.o
__process_stack_end__                             ./build/obj/crt0_v7m.o
__ram0_clear__                                    C:\Users\arnau\AppData\Local\Temp\ccdj59qz.ltrans0.ltrans.o
                                                  ./build/obj/crt1.o (symbol from plugin)
__ram0_init__                                     C:\Users\arnau\AppData\Local\Temp\ccdj59qz.ltrans0.ltrans.o
                                                  ./build/obj/crt1.o (symbol from plugin)
__ram0_init_text__                                C:\Users\arnau\AppData\Local\Temp\ccdj59qz.ltrans0.ltrans.o
                                                  ./build/obj/crt1.o (symbol from plugin)
__ram0_noinit__                                   C:\Users\arnau\AppData\Local\Temp\ccdj59qz.ltrans0.ltrans.o
                                                  ./build/obj/crt1.o (symbol from plugin)
__ram1_clear__                                    C:\Users\arnau\AppData\Local\Temp\ccdj59qz.ltrans0.ltrans.o
                                                  ./build/obj/crt1.o (symbol from plugin)
__ram1_init__                                     C:\Users\arnau\AppData\Local\Temp\ccdj59qz.ltrans0.ltrans.o
                                                  ./build/obj/crt1.o (symbol from plugin)
__ram1_init_text__                                C:\Users\arnau\AppData\Local\Temp\ccdj59qz.ltrans0.ltrans.o
                                                  ./build/obj/crt1.o (symbol from plugin)
__ram1_noinit__                                   C:\Users\arnau\AppData\Local\Temp\ccdj59qz.ltrans0.ltrans.o
                                                  ./build/obj/crt1.o (symbol from plugin)
__ram2_clear__                                    C:\Users\arnau\AppData\Local\Temp\ccdj59qz.ltrans0.ltrans.o
                                                  ./build/obj/crt1.o (symbol from plugin)
__ram2_init__                                     C:\Users\arnau\AppData\Local\Temp\ccdj59qz.ltrans0.ltrans.o
                                                  ./build/obj/crt1.o (symbol from plugin)
__ram2_init_text__                                C:\Users\arnau\AppData\Local\Temp\ccdj59qz.ltrans0.ltrans.o
                                                  ./build/obj/crt1.o (symbol from plugin)
__ram2_noinit__                                   C:\Users\arnau\AppData\Local\Temp\ccdj59qz.ltrans0.ltrans.o
                                                  ./build/obj/crt1.o (symbol from plugin)
__ram3_clear__                                    C:\Users\arnau\AppData\Local\Temp\ccdj59qz.ltrans0.ltrans.o
                                                  ./build/obj/crt1.o (symbol from plugin)
__ram3_init__                                     C:\Users\arnau\AppData\Local\Temp\ccdj59qz.ltrans0.ltrans.o
                                                  ./build/obj/crt1.o (symbol from plugin)
__ram3_init_text__                                C:\Users\arnau\AppData\Local\Temp\ccdj59qz.ltrans0.ltrans.o
                                                  ./build/obj/crt1.o (symbol from plugin)
__ram3_noinit__                                   C:\Users\arnau\AppData\Local\Temp\ccdj59qz.ltrans0.ltrans.o
                                                  ./build/obj/crt1.o (symbol from plugin)
__ram4_clear__                                    C:\Users\arnau\AppData\Local\Temp\ccdj59qz.ltrans0.ltrans.o
                                                  ./build/obj/crt1.o (symbol from plugin)
__ram4_init__                                     C:\Users\arnau\AppData\Local\Temp\ccdj59qz.ltrans0.ltrans.o
                                                  ./build/obj/crt1.o (symbol from plugin)
__ram4_init_text__                                C:\Users\arnau\AppData\Local\Temp\ccdj59qz.ltrans0.ltrans.o
                                                  ./build/obj/crt1.o (symbol from plugin)